Archive member included to satisfy reference by file (symbol)

c:/siliconlabs/simplicitystudio/v5/developer/toolchains/gnu_arm/10.3_2021.10/bin/../lib/gcc/arm-none-eabi/10.3.1/thumb/v8-m.main+fp/hard\libgcc.a(_aeabi_ldivmod.o)
                              ./gecko_sdk_4.2.0/platform/emlib/src/em_eusart.o (__aeabi_ldivmod)
c:/siliconlabs/simplicitystudio/v5/developer/toolchains/gnu_arm/10.3_2021.10/bin/../lib/gcc/arm-none-eabi/10.3.1/thumb/v8-m.main+fp/hard\libgcc.a(_aeabi_uldivmod.o)
                              ./gecko_sdk_4.2.0/platform/emlib/src/em_eusart.o (__aeabi_uldivmod)
c:/siliconlabs/simplicitystudio/v5/developer/toolchains/gnu_arm/10.3_2021.10/bin/../lib/gcc/arm-none-eabi/10.3.1/thumb/v8-m.main+fp/hard\libgcc.a(_udivmoddi4.o)
                              c:/siliconlabs/simplicitystudio/v5/developer/toolchains/gnu_arm/10.3_2021.10/bin/../lib/gcc/arm-none-eabi/10.3.1/thumb/v8-m.main+fp/hard\libgcc.a(_aeabi_ldivmod.o) (__udivmoddi4)
c:/siliconlabs/simplicitystudio/v5/developer/toolchains/gnu_arm/10.3_2021.10/bin/../lib/gcc/arm-none-eabi/10.3.1/thumb/v8-m.main+fp/hard\libgcc.a(_dvmd_tls.o)
                              c:/siliconlabs/simplicitystudio/v5/developer/toolchains/gnu_arm/10.3_2021.10/bin/../lib/gcc/arm-none-eabi/10.3.1/thumb/v8-m.main+fp/hard\libgcc.a(_aeabi_ldivmod.o) (__aeabi_ldiv0)
c:/siliconlabs/simplicitystudio/v5/developer/toolchains/gnu_arm/10.3_2021.10/bin/../lib/gcc/arm-none-eabi/10.3.1/../../../../arm-none-eabi/lib/thumb/v8-m.main+fp/hard\libc_nano.a(lib_a-ctype_.o)
                              ./gecko_sdk_4.2.0/platform/common/src/sl_string.o (_ctype_)
c:/siliconlabs/simplicitystudio/v5/developer/toolchains/gnu_arm/10.3_2021.10/bin/../lib/gcc/arm-none-eabi/10.3.1/../../../../arm-none-eabi/lib/thumb/v8-m.main+fp/hard\libc_nano.a(lib_a-exit.o)
                              c:/siliconlabs/simplicitystudio/v5/developer/toolchains/gnu_arm/10.3_2021.10/bin/../lib/gcc/arm-none-eabi/10.3.1/../../../../arm-none-eabi/lib/thumb/v8-m.main+fp/hard/crt0.o (exit)
c:/siliconlabs/simplicitystudio/v5/developer/toolchains/gnu_arm/10.3_2021.10/bin/../lib/gcc/arm-none-eabi/10.3.1/../../../../arm-none-eabi/lib/thumb/v8-m.main+fp/hard\libc_nano.a(lib_a-impure.o)
                              c:/siliconlabs/simplicitystudio/v5/developer/toolchains/gnu_arm/10.3_2021.10/bin/../lib/gcc/arm-none-eabi/10.3.1/../../../../arm-none-eabi/lib/thumb/v8-m.main+fp/hard\libc_nano.a(lib_a-exit.o) (_global_impure_ptr)
c:/siliconlabs/simplicitystudio/v5/developer/toolchains/gnu_arm/10.3_2021.10/bin/../lib/gcc/arm-none-eabi/10.3.1/../../../../arm-none-eabi/lib/thumb/v8-m.main+fp/hard\libc_nano.a(lib_a-init.o)
                              c:/siliconlabs/simplicitystudio/v5/developer/toolchains/gnu_arm/10.3_2021.10/bin/../lib/gcc/arm-none-eabi/10.3.1/../../../../arm-none-eabi/lib/thumb/v8-m.main+fp/hard/crt0.o (__libc_init_array)
c:/siliconlabs/simplicitystudio/v5/developer/toolchains/gnu_arm/10.3_2021.10/bin/../lib/gcc/arm-none-eabi/10.3.1/../../../../arm-none-eabi/lib/thumb/v8-m.main+fp/hard\libc_nano.a(lib_a-memcpy-stub.o)
                              ./gecko_sdk_4.2.0/platform/service/iostream/src/sl_iostream_uart.o (memcpy)
c:/siliconlabs/simplicitystudio/v5/developer/toolchains/gnu_arm/10.3_2021.10/bin/../lib/gcc/arm-none-eabi/10.3.1/../../../../arm-none-eabi/lib/thumb/v8-m.main+fp/hard\libc_nano.a(lib_a-memset.o)
                              c:/siliconlabs/simplicitystudio/v5/developer/toolchains/gnu_arm/10.3_2021.10/bin/../lib/gcc/arm-none-eabi/10.3.1/../../../../arm-none-eabi/lib/thumb/v8-m.main+fp/hard/crt0.o (memset)
c:/siliconlabs/simplicitystudio/v5/developer/toolchains/gnu_arm/10.3_2021.10/bin/../lib/gcc/arm-none-eabi/10.3.1/../../../../arm-none-eabi/lib/thumb/v8-m.main+fp/hard\libc_nano.a(lib_a-setvbuf.o)
                              ./gecko_sdk_4.2.0/platform/service/iostream/src/sl_iostream_stdlib_config.o (setvbuf)
c:/siliconlabs/simplicitystudio/v5/developer/toolchains/gnu_arm/10.3_2021.10/bin/../lib/gcc/arm-none-eabi/10.3.1/../../../../arm-none-eabi/lib/thumb/v8-m.main+fp/hard\libc_nano.a(lib_a-strcmp.o)
                              ./autogen/sl_iostream_handles.o (strcmp)
c:/siliconlabs/simplicitystudio/v5/developer/toolchains/gnu_arm/10.3_2021.10/bin/../lib/gcc/arm-none-eabi/10.3.1/../../../../arm-none-eabi/lib/thumb/v8-m.main+fp/hard\libc_nano.a(lib_a-vprintf.o)
                              ./gecko_sdk_4.2.0/platform/service/iostream/src/sl_iostream.o (vprintf)
c:/siliconlabs/simplicitystudio/v5/developer/toolchains/gnu_arm/10.3_2021.10/bin/../lib/gcc/arm-none-eabi/10.3.1/../../../../arm-none-eabi/lib/thumb/v8-m.main+fp/hard\libc_nano.a(lib_a-fflush.o)
                              c:/siliconlabs/simplicitystudio/v5/developer/toolchains/gnu_arm/10.3_2021.10/bin/../lib/gcc/arm-none-eabi/10.3.1/../../../../arm-none-eabi/lib/thumb/v8-m.main+fp/hard\libc_nano.a(lib_a-setvbuf.o) (_fflush_r)
[...]
Memory Configuration

Name             Origin             Length             Attributes
FLASH            0x08000000         0x0017e000         xr
RAM              0x20000000         0x00040000         xrw
*default*        0x00000000         0xffffffff

Linker script and memory map

LOAD c:/siliconlabs/simplicitystudio/v5/developer/toolchains/gnu_arm/10.3_2021.10/bin/../lib/gcc/arm-none-eabi/10.3.1/thumb/v8-m.main+fp/hard/crti.o
LOAD c:/siliconlabs/simplicitystudio/v5/developer/toolchains/gnu_arm/10.3_2021.10/bin/../lib/gcc/arm-none-eabi/10.3.1/thumb/v8-m.main+fp/hard/crtbegin.o
LOAD c:/siliconlabs/simplicitystudio/v5/developer/toolchains/gnu_arm/10.3_2021.10/bin/../lib/gcc/arm-none-eabi/10.3.1/../../../../arm-none-eabi/lib/thumb/v8-m.main+fp/hard/crt0.o
START GROUP
LOAD ./app.o
LOAD ./ir.o
LOAD ./main.o
LOAD ./autogen/sl_device_init_clocks.o
LOAD ./autogen/sl_event_handler.o
LOAD ./autogen/sl_iostream_handles.o
LOAD ./autogen/sl_iostream_init_eusart_instances.o
LOAD ./autogen/sl_pwm_init.o
LOAD ./gecko_sdk_4.2.0/app/common/util/app_log/app_log.o
LOAD ./gecko_sdk_4.2.0/platform/Device/SiliconLabs/EFR32MG24/Source/startup_efr32mg24.o
LOAD ./gecko_sdk_4.2.0/platform/Device/SiliconLabs/EFR32MG24/Source/system_efr32mg24.o
LOAD ./gecko_sdk_4.2.0/platform/common/src/sl_assert.o
LOAD ./gecko_sdk_4.2.0/platform/common/src/sl_slist.o
LOAD ./gecko_sdk_4.2.0/platform/common/src/sl_string.o
LOAD ./gecko_sdk_4.2.0/platform/common/toolchain/src/sl_memory.o
LOAD ./gecko_sdk_4.2.0/platform/driver/pwm/src/sl_pwm.o
LOAD ./gecko_sdk_4.2.0/platform/emdrv/dmadrv/src/dmadrv.o
LOAD ./gecko_sdk_4.2.0/platform/emlib/src/em_burtc.o
LOAD ./gecko_sdk_4.2.0/platform/emlib/src/em_cmu.o
LOAD ./gecko_sdk_4.2.0/platform/emlib/src/em_core.o
LOAD ./gecko_sdk_4.2.0/platform/emlib/src/em_emu.o
LOAD ./gecko_sdk_4.2.0/platform/emlib/src/em_eusart.o
LOAD ./gecko_sdk_4.2.0/platform/emlib/src/em_gpio.o
LOAD ./gecko_sdk_4.2.0/platform/emlib/src/em_ldma.o
LOAD ./gecko_sdk_4.2.0/platform/emlib/src/em_msc.o
LOAD ./gecko_sdk_4.2.0/platform/emlib/src/em_system.o
LOAD ./gecko_sdk_4.2.0/platform/emlib/src/em_timer.o
LOAD ./gecko_sdk_4.2.0/platform/peripheral/src/peripheral_sysrtc.o
LOAD ./gecko_sdk_4.2.0/platform/service/device_init/src/sl_device_init_dcdc_s2.o
LOAD ./gecko_sdk_4.2.0/platform/service/device_init/src/sl_device_init_emu_s2.o
LOAD ./gecko_sdk_4.2.0/platform/service/device_init/src/sl_device_init_nvic.o
LOAD ./gecko_sdk_4.2.0/platform/service/iostream/src/sl_iostream.o
LOAD ./gecko_sdk_4.2.0/platform/service/iostream/src/sl_iostream_eusart.o
LOAD ./gecko_sdk_4.2.0/platform/service/iostream/src/sl_iostream_retarget_stdio.o
LOAD ./gecko_sdk_4.2.0/platform/service/iostream/src/sl_iostream_stdlib_config.o
LOAD ./gecko_sdk_4.2.0/platform/service/iostream/src/sl_iostream_uart.o
LOAD ./gecko_sdk_4.2.0/platform/service/sleeptimer/src/sl_sleeptimer.o
LOAD ./gecko_sdk_4.2.0/platform/service/sleeptimer/src/sl_sleeptimer_hal_burtc.o
LOAD ./gecko_sdk_4.2.0/platform/service/sleeptimer/src/sl_sleeptimer_hal_sysrtc.o
LOAD ./gecko_sdk_4.2.0/platform/service/sleeptimer/src/sl_sleeptimer_hal_timer.o
LOAD ./gecko_sdk_4.2.0/platform/service/system/src/sl_system_init.o
LOAD ./gecko_sdk_4.2.0/platform/service/system/src/sl_system_process_action.o
LOAD c:/siliconlabs/simplicitystudio/v5/developer/toolchains/gnu_arm/10.3_2021.10/bin/../lib/gcc/arm-none-eabi/10.3.1/thumb/v8-m.main+fp/hard\libgcc.a
LOAD c:/siliconlabs/simplicitystudio/v5/developer/toolchains/gnu_arm/10.3_2021.10/bin/../lib/gcc/arm-none-eabi/10.3.1/../../../../arm-none-eabi/lib/thumb/v8-m.main+fp/hard\libc_nano.a
LOAD c:/siliconlabs/simplicitystudio/v5/developer/toolchains/gnu_arm/10.3_2021.10/bin/../lib/gcc/arm-none-eabi/10.3.1/../../../../arm-none-eabi/lib/thumb/v8-m.main+fp/hard\libm.a
LOAD c:/siliconlabs/simplicitystudio/v5/developer/toolchains/gnu_arm/10.3_2021.10/bin/../lib/gcc/arm-none-eabi/10.3.1/../../../../arm-none-eabi/lib/thumb/v8-m.main+fp/hard\libnosys.a
END GROUP
START GROUP
LOAD c:/siliconlabs/simplicitystudio/v5/developer/toolchains/gnu_arm/10.3_2021.10/bin/../lib/gcc/arm-none-eabi/10.3.1/thumb/v8-m.main+fp/hard\libgcc.a
LOAD c:/siliconlabs/simplicitystudio/v5/developer/toolchains/gnu_arm/10.3_2021.10/bin/../lib/gcc/arm-none-eabi/10.3.1/../../../../arm-none-eabi/lib/thumb/v8-m.main+fp/hard\libc_nano.a
LOAD c:/siliconlabs/simplicitystudio/v5/developer/toolchains/gnu_arm/10.3_2021.10/bin/../lib/gcc/arm-none-eabi/10.3.1/../../../../arm-none-eabi/lib/thumb/v8-m.main+fp/hard\libnosys.a
END GROUP
START GROUP
LOAD c:/siliconlabs/simplicitystudio/v5/developer/toolchains/gnu_arm/10.3_2021.10/bin/../lib/gcc/arm-none-eabi/10.3.1/thumb/v8-m.main+fp/hard\libgcc.a
LOAD c:/siliconlabs/simplicitystudio/v5/developer/toolchains/gnu_arm/10.3_2021.10/bin/../lib/gcc/arm-none-eabi/10.3.1/../../../../arm-none-eabi/lib/thumb/v8-m.main+fp/hard\libg_nano.a
LOAD c:/siliconlabs/simplicitystudio/v5/developer/toolchains/gnu_arm/10.3_2021.10/bin/../lib/gcc/arm-none-eabi/10.3.1/../../../../arm-none-eabi/lib/thumb/v8-m.main+fp/hard\libc_nano.a
END GROUP
START GROUP
LOAD c:/siliconlabs/simplicitystudio/v5/developer/toolchains/gnu_arm/10.3_2021.10/bin/../lib/gcc/arm-none-eabi/10.3.1/thumb/v8-m.main+fp/hard\libgcc.a
LOAD c:/siliconlabs/simplicitystudio/v5/developer/toolchains/gnu_arm/10.3_2021.10/bin/../lib/gcc/arm-none-eabi/10.3.1/../../../../arm-none-eabi/lib/thumb/v8-m.main+fp/hard\libc_nano.a
END GROUP
LOAD c:/siliconlabs/simplicitystudio/v5/developer/toolchains/gnu_arm/10.3_2021.10/bin/../lib/gcc/arm-none-eabi/10.3.1/thumb/v8-m.main+fp/hard/crtend.o
LOAD c:/siliconlabs/simplicitystudio/v5/developer/toolchains/gnu_arm/10.3_2021.10/bin/../lib/gcc/arm-none-eabi/10.3.1/thumb/v8-m.main+fp/hard/crtn.o

.text           0x08000000     0x5b4c
                0x08000000                linker_vectors_begin = .
 *(.vectors)
 .vectors       0x08000000      0x170 ./gecko_sdk_4.2.0/platform/Device/SiliconLabs/EFR32MG24/Source/startup_efr32mg24.o
                0x08000000                __Vectors
                0x08000170                linker_vectors_end = .
                0x08000170                __Vectors_End = .
                0x08000170                __Vectors_Size = (__Vectors_End - __Vectors)
                0x08000170                linker_code_begin = .
 *(SORT_BY_ALIGNMENT(.text*))
 .text          0x08000170       0x40 c:/siliconlabs/simplicitystudio/v5/developer/toolchains/gnu_arm/10.3_2021.10/bin/../lib/gcc/arm-none-eabi/10.3.1/thumb/v8-m.main+fp/hard/crtbegin.o
 .text          0x080001b0       0x7c c:/siliconlabs/simplicitystudio/v5/developer/toolchains/gnu_arm/10.3_2021.10/bin/../lib/gcc/arm-none-eabi/10.3.1/../../../../arm-none-eabi/lib/thumb/v8-m.main+fp/hard/crt0.o
                0x080001b0                _stack_init
                0x080001b8                _start
                0x080001b8                _mainCRTStartup
 .text.ir_init  0x0800022c       0x60 ./ir.o
                0x0800022c                ir_init
 .text.ir_pwm_start
                0x0800028c       0x2c ./ir.o
                0x0800028c                ir_pwm_start
 .text.sl_device_init_clocks
                0x080002b8       0xac ./autogen/sl_device_init_clocks.o
                0x080002b8                sl_device_init_clocks
 .text.sl_iostream_eusart_init_vcom
                0x08000364       0xa0 ./autogen/sl_iostream_init_eusart_instances.o
                0x08000364                sl_iostream_eusart_init_vcom
 .text.EUSART0_RX_IRQHandler
                0x08000404        0xc ./autogen/sl_iostream_init_eusart_instances.o
                0x08000404                EUSART0_RX_IRQHandler
 .text.sl_pwm_init_instances
                0x08000410       0x34 ./autogen/sl_pwm_init.o
                0x08000410                sl_pwm_init_instances
 .text._app_log_check_level
                0x08000444       0x40 ./gecko_sdk_4.2.0/app/common/util/app_log/app_log.o
                0x08000444                _app_log_check_level
 .text.app_log_init
                0x08000484       0x38 ./gecko_sdk_4.2.0/app/common/util/app_log/app_log.o
                0x08000484                app_log_init
 .text.Reset_Handler
                0x080004bc       0x60 ./gecko_sdk_4.2.0/platform/Device/SiliconLabs/EFR32MG24/Source/startup_efr32mg24.o
                0x080004bc                Reset_Handler
 .text.SystemInit
                0x0800051c       0x68 ./gecko_sdk_4.2.0/platform/Device/SiliconLabs/EFR32MG24/Source/system_efr32mg24.o
                0x0800051c                SystemInit
 .text.SystemHFRCODPLLClockGet
                0x08000584        0xc ./gecko_sdk_4.2.0/platform/Device/SiliconLabs/EFR32MG24/Source/system_efr32mg24.o
                0x08000584                SystemHFRCODPLLClockGet
 .text.SystemSYSCLKGet
                0x08000590       0x34 ./gecko_sdk_4.2.0/platform/Device/SiliconLabs/EFR32MG24/Source/system_efr32mg24.o
                0x08000590                SystemSYSCLKGet
 .text.SystemHCLKGet
                0x080005c4       0x24 ./gecko_sdk_4.2.0/platform/Device/SiliconLabs/EFR32MG24/Source/system_efr32mg24.o
                0x080005c4                SystemHCLKGet
 .text.SystemMaxCoreClockGet
                0x080005e8        0x8 ./gecko_sdk_4.2.0/platform/Device/SiliconLabs/EFR32MG24/Source/system_efr32mg24.o
                0x080005e8                SystemMaxCoreClockGet
 .text.SystemHFXOClockGet
                0x080005f0        0xc ./gecko_sdk_4.2.0/platform/Device/SiliconLabs/EFR32MG24/Source/system_efr32mg24.o
                0x080005f0                SystemHFXOClockGet
 .text.SystemFSRCOClockGet
                0x080005fc        0x8 ./gecko_sdk_4.2.0/platform/Device/SiliconLabs/EFR32MG24/Source/system_efr32mg24.o
                0x080005fc                SystemFSRCOClockGet
 .text.SystemHFRCOEM23ClockGet
                0x08000604       0x84 ./gecko_sdk_4.2.0/platform/Device/SiliconLabs/EFR32MG24/Source/system_efr32mg24.o
                0x08000604                SystemHFRCOEM23ClockGet
 .text.SystemLFXOClockGet
                0x08000688        0xc ./gecko_sdk_4.2.0/platform/Device/SiliconLabs/EFR32MG24/Source/system_efr32mg24.o
                0x08000688                SystemLFXOClockGet
 .text._sbrk    0x08000694       0x20 ./gecko_sdk_4.2.0/platform/common/toolchain/src/sl_memory.o
                0x08000694                _sbrk
 .text.get_timer_clock
                0x080006b4       0x54 ./gecko_sdk_4.2.0/platform/driver/pwm/src/sl_pwm.o
 .text.TIMER_MaxCount
                0x08000708       0x4c ./gecko_sdk_4.2.0/platform/driver/pwm/src/sl_pwm.o
 .text.sl_pwm_init
                0x08000754      0x144 ./gecko_sdk_4.2.0/platform/driver/pwm/src/sl_pwm.o
                0x08000754                sl_pwm_init
 .text.sl_pwm_start
                0x08000898       0x58 ./gecko_sdk_4.2.0/platform/driver/pwm/src/sl_pwm.o
                0x08000898                sl_pwm_start
 .text.sl_pwm_set_duty_cycle
                0x080008f0       0x40 ./gecko_sdk_4.2.0/platform/driver/pwm/src/sl_pwm.o
                0x080008f0                sl_pwm_set_duty_cycle
 .text.StartTransfer
                0x08000930      0x17c ./gecko_sdk_4.2.0/platform/emdrv/dmadrv/src/dmadrv.o
 .text.DMADRV_AllocateChannel
                0x08000aac       0x60 ./gecko_sdk_4.2.0/platform/emdrv/dmadrv/src/dmadrv.o
                0x08000aac                DMADRV_AllocateChannel
 .text.DMADRV_DeInit
                0x08000b0c       0x44 ./gecko_sdk_4.2.0/platform/emdrv/dmadrv/src/dmadrv.o
                0x08000b0c                DMADRV_DeInit
 .text.DMADRV_FreeChannel
                0x08000b50       0x4c ./gecko_sdk_4.2.0/platform/emdrv/dmadrv/src/dmadrv.o
                0x08000b50                DMADRV_FreeChannel
 .text.DMADRV_Init
                0x08000b9c       0x68 ./gecko_sdk_4.2.0/platform/emdrv/dmadrv/src/dmadrv.o
                0x08000b9c                DMADRV_Init
 .text.DMADRV_PauseTransfer
                0x08000c04       0x40 ./gecko_sdk_4.2.0/platform/emdrv/dmadrv/src/dmadrv.o
                0x08000c04                DMADRV_PauseTransfer
 .text.DMADRV_ResumeTransfer
                0x08000c44       0x40 ./gecko_sdk_4.2.0/platform/emdrv/dmadrv/src/dmadrv.o
                0x08000c44                DMADRV_ResumeTransfer
 .text.DMADRV_StopTransfer
                0x08000c84       0x40 ./gecko_sdk_4.2.0/platform/emdrv/dmadrv/src/dmadrv.o
                0x08000c84                DMADRV_StopTransfer
 .text.DMADRV_TransferDone
                0x08000cc4       0x44 ./gecko_sdk_4.2.0/platform/emdrv/dmadrv/src/dmadrv.o
                0x08000cc4                DMADRV_TransferDone
 .text.DMADRV_TransferRemainingCount
                0x08000d08       0x44 ./gecko_sdk_4.2.0/platform/emdrv/dmadrv/src/dmadrv.o
                0x08000d08                DMADRV_TransferRemainingCount
 .text.LDMA_IRQHandler
                0x08000d4c       0x74 ./gecko_sdk_4.2.0/platform/emdrv/dmadrv/src/dmadrv.o
                0x08000d4c                LDMA_IRQHandler
 .text.EMU_VScaleGet
                0x08000dc0       0x18 ./gecko_sdk_4.2.0/platform/emlib/src/em_cmu.o
 .text.traceClkGet
                0x08000dd8       0x54 ./gecko_sdk_4.2.0/platform/emlib/src/em_cmu.o
 .text.em01GrpaClkGet
                0x08000e2c       0x70 ./gecko_sdk_4.2.0/platform/emlib/src/em_cmu.o
 .text.em01GrpcClkGet
                0x08000e9c       0x70 ./gecko_sdk_4.2.0/platform/emlib/src/em_cmu.o
 .text.iadcClkGet
                0x08000f0c       0x60 ./gecko_sdk_4.2.0/platform/emlib/src/em_cmu.o
 .text.eusart0ClkGet
                0x08000f6c       0x70 ./gecko_sdk_4.2.0/platform/emlib/src/em_cmu.o
 .text.em23GrpaClkGet
                0x08000fdc       0x54 ./gecko_sdk_4.2.0/platform/emlib/src/em_cmu.o
 .text.vdac0ClkGet
                0x08001030       0x70 ./gecko_sdk_4.2.0/platform/emlib/src/em_cmu.o
 .text.vdac1ClkGet
                0x080010a0       0x70 ./gecko_sdk_4.2.0/platform/emlib/src/em_cmu.o
 .text.pcnt0ClkGet
                0x08001110       0x4c ./gecko_sdk_4.2.0/platform/emlib/src/em_cmu.o
 .text.wdog0ClkGet
                0x0800115c       0x60 ./gecko_sdk_4.2.0/platform/emlib/src/em_cmu.o
 .text.wdog1ClkGet
                0x080011bc       0x60 ./gecko_sdk_4.2.0/platform/emlib/src/em_cmu.o
 .text.sysrtcClkGet
                0x0800121c       0x54 ./gecko_sdk_4.2.0/platform/emlib/src/em_cmu.o
 .text.em4GrpaClkGet
                0x08001270       0x54 ./gecko_sdk_4.2.0/platform/emlib/src/em_cmu.o
 .text.CMU_ClockDivGet
                0x080012c4       0x78 ./gecko_sdk_4.2.0/platform/emlib/src/em_cmu.o
                0x080012c4                CMU_ClockDivGet
 .text.flashWaitStateControl
                0x0800133c       0x58 ./gecko_sdk_4.2.0/platform/emlib/src/em_cmu.o
 .text.CMU_ClockEnable
                0x08001394       0x58 ./gecko_sdk_4.2.0/platform/emlib/src/em_cmu.o
                0x08001394                CMU_ClockEnable
 .text.CMU_ClockFreqGet
                0x080013ec      0x200 ./gecko_sdk_4.2.0/platform/emlib/src/em_cmu.o
                0x080013ec                CMU_ClockFreqGet
 .text.rhclkPrescOptimize
                0x080015ec       0x20 ./gecko_sdk_4.2.0/platform/emlib/src/em_cmu.o
 .text.CMU_ClockSelectGet
                0x0800160c      0x22c ./gecko_sdk_4.2.0/platform/emlib/src/em_cmu.o
                0x0800160c                CMU_ClockSelectGet
 .text.sli_em_cmu_HFXOSetForceEnable
                0x08001838       0x1c ./gecko_sdk_4.2.0/platform/emlib/src/em_cmu.o
                0x08001838                sli_em_cmu_HFXOSetForceEnable
 .text.CMU_ClockDivSet
                0x08001854      0x12c ./gecko_sdk_4.2.0/platform/emlib/src/em_cmu.o
                0x08001854                CMU_ClockDivSet
 .text.sli_em_cmu_SYSCLKInitPreClockSelect
                0x08001980       0x20 ./gecko_sdk_4.2.0/platform/emlib/src/em_cmu.o
                0x08001980                sli_em_cmu_SYSCLKInitPreClockSelect
 .text.pclkDivOptimize
                0x080019a0       0x24 ./gecko_sdk_4.2.0/platform/emlib/src/em_cmu.o
 .text.EMU_DCDCSync
                0x080019c4       0x10 ./gecko_sdk_4.2.0/platform/emlib/src/em_emu.o
 .text.EMU_EM4Init
                0x080019d4       0x14 ./gecko_sdk_4.2.0/platform/emlib/src/em_emu.o
                0x080019d4                EMU_EM4Init
 .text.EMU_VScaleEM01
                0x080019e8       0xb0 ./gecko_sdk_4.2.0/platform/emlib/src/em_emu.o
                0x080019e8                EMU_VScaleEM01
 .text.EMU_VScaleEM01ByClock
                0x08001a98       0x30 ./gecko_sdk_4.2.0/platform/emlib/src/em_emu.o
                0x08001a98                EMU_VScaleEM01ByClock
 .text.EMU_DCDCModeSet
                0x08001ac8       0x6c ./gecko_sdk_4.2.0/platform/emlib/src/em_emu.o
                0x08001ac8                EMU_DCDCModeSet
 .text.EMU_DCDCInit
                0x08001b34       0x70 ./gecko_sdk_4.2.0/platform/emlib/src/em_emu.o
                0x08001b34                EMU_DCDCInit
 .text.EMU_DCDCSetPFMXModePeakCurrent
                0x08001ba4       0x70 ./gecko_sdk_4.2.0/platform/emlib/src/em_emu.o
                0x08001ba4                EMU_DCDCSetPFMXModePeakCurrent
 .text.EUSART_Reset
                0x08001c14       0x54 ./gecko_sdk_4.2.0/platform/emlib/src/em_eusart.o
                0x08001c14                EUSART_Reset
 .text.EUSART_Enable
                0x08001c68       0x6c ./gecko_sdk_4.2.0/platform/emlib/src/em_eusart.o
                0x08001c68                EUSART_Enable
 .text.EUSART_BaudrateSet
                0x08001cd4      0x1d8 ./gecko_sdk_4.2.0/platform/emlib/src/em_eusart.o
                0x08001cd4                EUSART_BaudrateSet
 .text.EUSART_AsyncInitCommon
                0x08001eac      0x260 ./gecko_sdk_4.2.0/platform/emlib/src/em_eusart.o
 .text.EUSART_UartInitHf
                0x0800210c       0x5c ./gecko_sdk_4.2.0/platform/emlib/src/em_eusart.o
                0x0800210c                EUSART_UartInitHf
 .text.EUSART_UartInitLf
                0x08002168       0xbc ./gecko_sdk_4.2.0/platform/emlib/src/em_eusart.o
                0x08002168                EUSART_UartInitLf
 .text.GPIO_PinOutSet
                0x08002224       0x4c ./gecko_sdk_4.2.0/platform/emlib/src/em_gpio.o
 .text.GPIO_PinOutClear
                0x08002270       0x4c ./gecko_sdk_4.2.0/platform/emlib/src/em_gpio.o
 .text.GPIO_PinModeSet
                0x080022bc       0xa4 ./gecko_sdk_4.2.0/platform/emlib/src/em_gpio.o
                0x080022bc                GPIO_PinModeSet
 .text.LDMA_DeInit
                0x08002360       0x3c ./gecko_sdk_4.2.0/platform/emlib/src/em_ldma.o
                0x08002360                LDMA_DeInit
 .text.LDMA_EnableChannelRequest
                0x0800239c       0x44 ./gecko_sdk_4.2.0/platform/emlib/src/em_ldma.o
                0x0800239c                LDMA_EnableChannelRequest
 .text.LDMA_Init
                0x080023e0       0x94 ./gecko_sdk_4.2.0/platform/emlib/src/em_ldma.o
                0x080023e0                LDMA_Init
 .text.LDMA_StartTransfer
                0x08002474      0x104 ./gecko_sdk_4.2.0/platform/emlib/src/em_ldma.o
                0x08002474                LDMA_StartTransfer
 .text.LDMA_StopTransfer
                0x08002578       0x38 ./gecko_sdk_4.2.0/platform/emlib/src/em_ldma.o
                0x08002578                LDMA_StopTransfer
 .text.LDMA_TransferDone
                0x080025b0       0x44 ./gecko_sdk_4.2.0/platform/emlib/src/em_ldma.o
                0x080025b0                LDMA_TransferDone
 .text.LDMA_TransferRemainingCount
                0x080025f4       0x50 ./gecko_sdk_4.2.0/platform/emlib/src/em_ldma.o
                0x080025f4                LDMA_TransferRemainingCount
 .text.TIMER_Valid
                0x08002644       0x34 ./gecko_sdk_4.2.0/platform/emlib/src/em_timer.o
 .text.timerPrsConfig
                0x08002678       0x7c ./gecko_sdk_4.2.0/platform/emlib/src/em_timer.o
 .text.TIMER_Init
                0x080026f4       0xc8 ./gecko_sdk_4.2.0/platform/emlib/src/em_timer.o
                0x080026f4                TIMER_Init
 .text.TIMER_InitCC
                0x080027bc       0xc0 ./gecko_sdk_4.2.0/platform/emlib/src/em_timer.o
                0x080027bc                TIMER_InitCC
 .text.sl_sysrtc_wait_ready
                0x0800287c       0x1c ./gecko_sdk_4.2.0/platform/peripheral/src/peripheral_sysrtc.o
 .text.sl_sysrtc_enable
                0x08002898       0x18 ./gecko_sdk_4.2.0/platform/peripheral/src/peripheral_sysrtc.o
                0x08002898                sl_sysrtc_enable
 .text.sl_sysrtc_disable
                0x080028b0       0x28 ./gecko_sdk_4.2.0/platform/peripheral/src/peripheral_sysrtc.o
                0x080028b0                sl_sysrtc_disable
 .text.sl_sysrtc_init
                0x080028d8       0x20 ./gecko_sdk_4.2.0/platform/peripheral/src/peripheral_sysrtc.o
                0x080028d8                sl_sysrtc_init
 .text.sl_sysrtc_init_group
                0x080028f8       0x50 ./gecko_sdk_4.2.0/platform/peripheral/src/peripheral_sysrtc.o
                0x080028f8                sl_sysrtc_init_group
 .text.sl_sysrtc_enable_group_interrupts
                0x08002948       0x1c ./gecko_sdk_4.2.0/platform/peripheral/src/peripheral_sysrtc.o
                0x08002948                sl_sysrtc_enable_group_interrupts
 .text.sl_sysrtc_disable_group_interrupts
                0x08002964       0x1c ./gecko_sdk_4.2.0/platform/peripheral/src/peripheral_sysrtc.o
                0x08002964                sl_sysrtc_disable_group_interrupts
 .text.sl_sysrtc_clear_group_interrupts
                0x08002980       0x1c ./gecko_sdk_4.2.0/platform/peripheral/src/peripheral_sysrtc.o
                0x08002980                sl_sysrtc_clear_group_interrupts
 .text.sl_sysrtc_get_group_interrupts
                0x0800299c       0x20 ./gecko_sdk_4.2.0/platform/peripheral/src/peripheral_sysrtc.o
                0x0800299c                sl_sysrtc_get_group_interrupts
 .text.sl_sysrtc_get_group_compare_channel_value
                0x080029bc       0x30 ./gecko_sdk_4.2.0/platform/peripheral/src/peripheral_sysrtc.o
                0x080029bc                sl_sysrtc_get_group_compare_channel_value
 .text.sl_sysrtc_set_group_compare_channel_value
                0x080029ec       0x2c ./gecko_sdk_4.2.0/platform/peripheral/src/peripheral_sysrtc.o
                0x080029ec                sl_sysrtc_set_group_compare_channel_value
 .text.sl_device_init_dcdc
                0x08002a18       0x2c ./gecko_sdk_4.2.0/platform/service/device_init/src/sl_device_init_dcdc_s2.o
                0x08002a18                sl_device_init_dcdc
 .text.sl_device_init_emu
                0x08002a44       0x24 ./gecko_sdk_4.2.0/platform/service/device_init/src/sl_device_init_emu_s2.o
                0x08002a44                sl_device_init_emu
 .text.sl_device_init_nvic
                0x08002a68       0x3c ./gecko_sdk_4.2.0/platform/service/device_init/src/sl_device_init_nvic.o
                0x08002a68                sl_device_init_nvic
 .text.sl_iostream_set_default
                0x08002aa4       0x18 ./gecko_sdk_4.2.0/platform/service/iostream/src/sl_iostream.o
                0x08002aa4                sl_iostream_set_default
 .text.sl_iostream_get_default
                0x08002abc       0x18 ./gecko_sdk_4.2.0/platform/service/iostream/src/sl_iostream.o
                0x08002abc                sl_iostream_get_default
 .text.sl_iostream_eusart_init
                0x08002ad4      0x228 ./gecko_sdk_4.2.0/platform/service/iostream/src/sl_iostream_eusart.o
                0x08002ad4                sl_iostream_eusart_init
 .text._write   0x08002cfc       0x1c ./gecko_sdk_4.2.0/platform/service/iostream/src/sl_iostream_retarget_stdio.o
                0x08002cfc                _write
 .text.sl_iostream_stdlib_disable_buffering
                0x08002d18       0x14 ./gecko_sdk_4.2.0/platform/service/iostream/src/sl_iostream_stdlib_config.o
                0x08002d18                sl_iostream_stdlib_disable_buffering
 .text.uart_deinit
                0x08002d2c       0x84 ./gecko_sdk_4.2.0/platform/service/iostream/src/sl_iostream_uart.o
 .text.nolock_uart_write.isra.0
                0x08002db0      0x14c ./gecko_sdk_4.2.0/platform/service/iostream/src/sl_iostream_uart.o
 .text.uart_read
                0x08002efc      0x2d8 ./gecko_sdk_4.2.0/platform/service/iostream/src/sl_iostream_uart.o
 .text.uart_handle_rx_dma_complete
                0x080031d4      0x15c ./gecko_sdk_4.2.0/platform/service/iostream/src/sl_iostream_uart.o
 .text.sli_iostream_uart_context_init
                0x08003330       0xfc ./gecko_sdk_4.2.0/platform/service/iostream/src/sl_iostream_uart.o
                0x08003330                sli_iostream_uart_context_init
 .text.delta_list_insert_timer
                0x0800342c       0x44 ./gecko_sdk_4.2.0/platform/service/sleeptimer/src/sl_sleeptimer.o
 .text.update_delta_list
                0x08003470       0x38 ./gecko_sdk_4.2.0/platform/service/sleeptimer/src/sl_sleeptimer.o
 .text.set_comparator_for_next_timer
                0x080034a8       0x5c ./gecko_sdk_4.2.0/platform/service/sleeptimer/src/sl_sleeptimer.o
 .text.delta_list_remove_timer
                0x08003504       0x38 ./gecko_sdk_4.2.0/platform/service/sleeptimer/src/sl_sleeptimer.o
 .text.sl_sleeptimer_init
                0x0800353c       0x74 ./gecko_sdk_4.2.0/platform/service/sleeptimer/src/sl_sleeptimer.o
                0x0800353c                sl_sleeptimer_init
 .text.process_timer_irq
                0x080035b0      0x158 ./gecko_sdk_4.2.0/platform/service/sleeptimer/src/sl_sleeptimer.o
                0x080035b0                process_timer_irq
 .text.sl_sysrtc_wait_sync
                0x08003708       0x14 ./gecko_sdk_4.2.0/platform/service/sleeptimer/src/sl_sleeptimer_hal_sysrtc.o
 .text.sleeptimer_hal_init_timer
                0x0800371c       0x64 ./gecko_sdk_4.2.0/platform/service/sleeptimer/src/sl_sleeptimer_hal_sysrtc.o
                0x0800371c                sleeptimer_hal_init_timer
 .text.sleeptimer_hal_get_counter
                0x08003780       0x10 ./gecko_sdk_4.2.0/platform/service/sleeptimer/src/sl_sleeptimer_hal_sysrtc.o
                0x08003780                sleeptimer_hal_get_counter
 .text.sleeptimer_hal_set_compare
                0x08003790       0x70 ./gecko_sdk_4.2.0/platform/service/sleeptimer/src/sl_sleeptimer_hal_sysrtc.o
                0x08003790                sleeptimer_hal_set_compare
 .text.sleeptimer_hal_disable_int
                0x08003800       0x2c ./gecko_sdk_4.2.0/platform/service/sleeptimer/src/sl_sleeptimer_hal_sysrtc.o
                0x08003800                sleeptimer_hal_disable_int
 .text.sleeptimer_hal_set_int
                0x0800382c       0x10 ./gecko_sdk_4.2.0/platform/service/sleeptimer/src/sl_sleeptimer_hal_sysrtc.o
                0x0800382c                sleeptimer_hal_set_int
 .text          0x0800383c       0x30 c:/siliconlabs/simplicitystudio/v5/developer/toolchains/gnu_arm/10.3_2021.10/bin/../lib/gcc/arm-none-eabi/10.3.1/thumb/v8-m.main+fp/hard\libgcc.a(_aeabi_uldivmod.o)
                0x0800383c                __aeabi_uldivmod
 .text          0x0800386c      0x2ec c:/siliconlabs/simplicitystudio/v5/developer/toolchains/gnu_arm/10.3_2021.10/bin/../lib/gcc/arm-none-eabi/10.3.1/thumb/v8-m.main+fp/hard\libgcc.a(_udivmoddi4.o)
                0x0800386c                __udivmoddi4
 .text          0x08003b58        0x4 c:/siliconlabs/simplicitystudio/v5/developer/toolchains/gnu_arm/10.3_2021.10/bin/../lib/gcc/arm-none-eabi/10.3.1/thumb/v8-m.main+fp/hard\libgcc.a(_dvmd_tls.o)
                0x08003b58                __aeabi_idiv0
                0x08003b58                __aeabi_ldiv0
 .text.exit     0x08003b5c       0x28 c:/siliconlabs/simplicitystudio/v5/developer/toolchains/gnu_arm/10.3_2021.10/bin/../lib/gcc/arm-none-eabi/10.3.1/../../../../arm-none-eabi/lib/thumb/v8-m.main+fp/hard\libc_nano.a(lib_a-exit.o)
                0x08003b5c                exit
 .text.__libc_init_array
                0x08003b84       0x48 c:/siliconlabs/simplicitystudio/v5/developer/toolchains/gnu_arm/10.3_2021.10/bin/../lib/gcc/arm-none-eabi/10.3.1/../../../../arm-none-eabi/lib/thumb/v8-m.main+fp/hard\libc_nano.a(lib_a-init.o)
                0x08003b84                __libc_init_array
 .text.setvbuf  0x08003bcc      0x188 c:/siliconlabs/simplicitystudio/v5/developer/toolchains/gnu_arm/10.3_2021.10/bin/../lib/gcc/arm-none-eabi/10.3.1/../../../../arm-none-eabi/lib/thumb/v8-m.main+fp/hard\libc_nano.a(lib_a-setvbuf.o)
                0x08003bcc                setvbuf
 .text.vprintf  0x08003d54       0x30 c:/siliconlabs/simplicitystudio/v5/developer/toolchains/gnu_arm/10.3_2021.10/bin/../lib/gcc/arm-none-eabi/10.3.1/../../../../arm-none-eabi/lib/thumb/v8-m.main+fp/hard\libc_nano.a(lib_a-vprintf.o)
                0x08003d54                viprintf
                0x08003d54                vprintf
 .text.__sflush_r
                0x08003d84      0x108 c:/siliconlabs/simplicitystudio/v5/developer/toolchains/gnu_arm/10.3_2021.10/bin/../lib/gcc/arm-none-eabi/10.3.1/../../../../arm-none-eabi/lib/thumb/v8-m.main+fp/hard\libc_nano.a(lib_a-fflush.o)
                0x08003d84                __sflush_r
 .text._fflush_r
                0x08003e8c       0x78 c:/siliconlabs/simplicitystudio/v5/developer/toolchains/gnu_arm/10.3_2021.10/bin/../lib/gcc/arm-none-eabi/10.3.1/../../../../arm-none-eabi/lib/thumb/v8-m.main+fp/hard\libc_nano.a(lib_a-fflush.o)
                0x08003e8c                _fflush_r
 .text.std      0x08003f04       0x48 c:/siliconlabs/simplicitystudio/v5/developer/toolchains/gnu_arm/10.3_2021.10/bin/../lib/gcc/arm-none-eabi/10.3.1/../../../../arm-none-eabi/lib/thumb/v8-m.main+fp/hard\libc_nano.a(lib_a-findfp.o)
 .text._cleanup_r
                0x08003f4c        0xc c:/siliconlabs/simplicitystudio/v5/developer/toolchains/gnu_arm/10.3_2021.10/bin/../lib/gcc/arm-none-eabi/10.3.1/../../../../arm-none-eabi/lib/thumb/v8-m.main+fp/hard\libc_nano.a(lib_a-findfp.o)
                0x08003f4c                _cleanup_r
 .text.__sfp_lock_acquire
                0x08003f58        0xc c:/siliconlabs/simplicitystudio/v5/developer/toolchains/gnu_arm/10.3_2021.10/bin/../lib/gcc/arm-none-eabi/10.3.1/../../../../arm-none-eabi/lib/thumb/v8-m.main+fp/hard\libc_nano.a(lib_a-findfp.o)
                0x08003f58                __sfp_lock_acquire
 .text.__sfp_lock_release
                0x08003f64        0xc c:/siliconlabs/simplicitystudio/v5/developer/toolchains/gnu_arm/10.3_2021.10/bin/../lib/gcc/arm-none-eabi/10.3.1/../../../../arm-none-eabi/lib/thumb/v8-m.main+fp/hard\libc_nano.a(lib_a-findfp.o)
                0x08003f64                __sfp_lock_release
 .text.__sinit_lock_acquire
                0x08003f70        0xc c:/siliconlabs/simplicitystudio/v5/developer/toolchains/gnu_arm/10.3_2021.10/bin/../lib/gcc/arm-none-eabi/10.3.1/../../../../arm-none-eabi/lib/thumb/v8-m.main+fp/hard\libc_nano.a(lib_a-findfp.o)
                0x08003f70                __sinit_lock_acquire
 .text.__sinit_lock_release
                0x08003f7c        0xc c:/siliconlabs/simplicitystudio/v5/developer/toolchains/gnu_arm/10.3_2021.10/bin/../lib/gcc/arm-none-eabi/10.3.1/../../../../arm-none-eabi/lib/thumb/v8-m.main+fp/hard\libc_nano.a(lib_a-findfp.o)
                0x08003f7c                __sinit_lock_release
 .text.__sinit  0x08003f88       0x70 c:/siliconlabs/simplicitystudio/v5/developer/toolchains/gnu_arm/10.3_2021.10/bin/../lib/gcc/arm-none-eabi/10.3.1/../../../../arm-none-eabi/lib/thumb/v8-m.main+fp/hard\libc_nano.a(lib_a-findfp.o)
                0x08003f88                __sinit
 .text.__sfp    0x08003ff8       0x8c c:/siliconlabs/simplicitystudio/v5/developer/toolchains/gnu_arm/10.3_2021.10/bin/../lib/gcc/arm-none-eabi/10.3.1/../../../../arm-none-eabi/lib/thumb/v8-m.main+fp/hard\libc_nano.a(lib_a-findfp.o)
                0x08003ff8                __sfp
 .text.__smakebuf_r
                0x08004084       0x80 c:/siliconlabs/simplicitystudio/v5/developer/toolchains/gnu_arm/10.3_2021.10/bin/../lib/gcc/arm-none-eabi/10.3.1/../../../../arm-none-eabi/lib/thumb/v8-m.main+fp/hard\libc_nano.a(lib_a-makebuf.o)
                0x08004084                __smakebuf_r
 .text.malloc   0x08004104       0x10 c:/siliconlabs/simplicitystudio/v5/developer/toolchains/gnu_arm/10.3_2021.10/bin/../lib/gcc/arm-none-eabi/10.3.1/../../../../arm-none-eabi/lib/thumb/v8-m.main+fp/hard\libc_nano.a(lib_a-malloc.o)
                0x08004104                malloc
 .text._free_r  0x08004114       0x98 c:/siliconlabs/simplicitystudio/v5/developer/toolchains/gnu_arm/10.3_2021.10/bin/../lib/gcc/arm-none-eabi/10.3.1/../../../../arm-none-eabi/lib/thumb/v8-m.main+fp/hard\libc_nano.a(lib_a-nano-freer.o)
                0x08004114                _free_r
 .text.sbrk_aligned
                0x080041ac       0x40 c:/siliconlabs/simplicitystudio/v5/developer/toolchains/gnu_arm/10.3_2021.10/bin/../lib/gcc/arm-none-eabi/10.3.1/../../../../arm-none-eabi/lib/thumb/v8-m.main+fp/hard\libc_nano.a(lib_a-nano-mallocr.o)
 .text._malloc_r
                0x080041ec       0xe8 c:/siliconlabs/simplicitystudio/v5/developer/toolchains/gnu_arm/10.3_2021.10/bin/../lib/gcc/arm-none-eabi/10.3.1/../../../../arm-none-eabi/lib/thumb/v8-m.main+fp/hard\libc_nano.a(lib_a-nano-mallocr.o)
                0x080041ec                _malloc_r
 .text._vfprintf_r
                0x080042d4      0x260 c:/siliconlabs/simplicitystudio/v5/developer/toolchains/gnu_arm/10.3_2021.10/bin/../lib/gcc/arm-none-eabi/10.3.1/../../../../arm-none-eabi/lib/thumb/v8-m.main+fp/hard\libc_nano.a(lib_a-nano-vfprintf.o)
                0x080042d4                _vfprintf_r
                0x080042d4                _vfiprintf_r
 .text._printf_i
                0x08004534      0x24c c:/siliconlabs/simplicitystudio/v5/developer/toolchains/gnu_arm/10.3_2021.10/bin/../lib/gcc/arm-none-eabi/10.3.1/../../../../arm-none-eabi/lib/thumb/v8-m.main+fp/hard\libc_nano.a(lib_a-nano-vfprintf_i.o)
                0x08004534                _printf_i
 .text._sbrk_r  0x08004780       0x20 c:/siliconlabs/simplicitystudio/v5/developer/toolchains/gnu_arm/10.3_2021.10/bin/../lib/gcc/arm-none-eabi/10.3.1/../../../../arm-none-eabi/lib/thumb/v8-m.main+fp/hard\libc_nano.a(lib_a-sbrkr.o)
                0x08004780                _sbrk_r
 .text.__swbuf_r
                0x080047a0       0xa4 c:/siliconlabs/simplicitystudio/v5/developer/toolchains/gnu_arm/10.3_2021.10/bin/../lib/gcc/arm-none-eabi/10.3.1/../../../../arm-none-eabi/lib/thumb/v8-m.main+fp/hard\libc_nano.a(lib_a-wbuf.o)
                0x080047a0                __swbuf_r
 .text._write_r
                0x08004844       0x24 c:/siliconlabs/simplicitystudio/v5/developer/toolchains/gnu_arm/10.3_2021.10/bin/../lib/gcc/arm-none-eabi/10.3.1/../../../../arm-none-eabi/lib/thumb/v8-m.main+fp/hard\libc_nano.a(lib_a-writer.o)
                0x08004844                _write_r
 .text.__swsetup_r
                0x08004868       0xdc c:/siliconlabs/simplicitystudio/v5/developer/toolchains/gnu_arm/10.3_2021.10/bin/../lib/gcc/arm-none-eabi/10.3.1/../../../../arm-none-eabi/lib/thumb/v8-m.main+fp/hard\libc_nano.a(lib_a-wsetup.o)
                0x08004868                __swsetup_r
 .text._close_r
                0x08004944       0x20 c:/siliconlabs/simplicitystudio/v5/developer/toolchains/gnu_arm/10.3_2021.10/bin/../lib/gcc/arm-none-eabi/10.3.1/../../../../arm-none-eabi/lib/thumb/v8-m.main+fp/hard\libc_nano.a(lib_a-closer.o)
                0x08004944                _close_r
 .text._fstat_r
                0x08004964       0x24 c:/siliconlabs/simplicitystudio/v5/developer/toolchains/gnu_arm/10.3_2021.10/bin/../lib/gcc/arm-none-eabi/10.3.1/../../../../arm-none-eabi/lib/thumb/v8-m.main+fp/hard\libc_nano.a(lib_a-fstatr.o)
                0x08004964                _fstat_r
 .text._isatty_r
                0x08004988       0x20 c:/siliconlabs/simplicitystudio/v5/developer/toolchains/gnu_arm/10.3_2021.10/bin/../lib/gcc/arm-none-eabi/10.3.1/../../../../arm-none-eabi/lib/thumb/v8-m.main+fp/hard\libc_nano.a(lib_a-isattyr.o)
                0x08004988                _isatty_r
 .text._lseek_r
                0x080049a8       0x24 c:/siliconlabs/simplicitystudio/v5/developer/toolchains/gnu_arm/10.3_2021.10/bin/../lib/gcc/arm-none-eabi/10.3.1/../../../../arm-none-eabi/lib/thumb/v8-m.main+fp/hard\libc_nano.a(lib_a-lseekr.o)
                0x080049a8                _lseek_r
 .text.__malloc_lock
                0x080049cc        0xc c:/siliconlabs/simplicitystudio/v5/developer/toolchains/gnu_arm/10.3_2021.10/bin/../lib/gcc/arm-none-eabi/10.3.1/../../../../arm-none-eabi/lib/thumb/v8-m.main+fp/hard\libc_nano.a(lib_a-mlock.o)
                0x080049cc                __malloc_lock
 .text.__malloc_unlock
                0x080049d8        0xc c:/siliconlabs/simplicitystudio/v5/developer/toolchains/gnu_arm/10.3_2021.10/bin/../lib/gcc/arm-none-eabi/10.3.1/../../../../arm-none-eabi/lib/thumb/v8-m.main+fp/hard\libc_nano.a(lib_a-mlock.o)
                0x080049d8                __malloc_unlock
 .text._read_r  0x080049e4       0x24 c:/siliconlabs/simplicitystudio/v5/developer/toolchains/gnu_arm/10.3_2021.10/bin/../lib/gcc/arm-none-eabi/10.3.1/../../../../arm-none-eabi/lib/thumb/v8-m.main+fp/hard\libc_nano.a(lib_a-readr.o)
                0x080049e4                _read_r
 .text.app_init
                0x08004a08        0x4 ./app.o
                0x08004a08                app_init
 .text.app_process_action
                0x08004a0c        0x4 ./app.o
                0x08004a0c                app_process_action
 .text.startup.main
                0x08004a10       0x14 ./main.o
                0x08004a10                main
 .text.sl_platform_init
                0x08004a24       0x16 ./autogen/sl_event_handler.o
                0x08004a24                sl_platform_init
 .text.sl_driver_init
                0x08004a3a        0x4 ./autogen/sl_event_handler.o
                0x08004a3a                sl_driver_init
 .text.sl_service_init
                0x08004a3e       0x12 ./autogen/sl_event_handler.o
                0x08004a3e                sl_service_init
 .text.sl_stack_init
                0x08004a50        0x2 ./autogen/sl_event_handler.o
                0x08004a50                sl_stack_init
 .text.sl_internal_app_init
                0x08004a52        0x4 ./autogen/sl_event_handler.o
                0x08004a52                sl_internal_app_init
 .text.sl_platform_process_action
                0x08004a56        0x2 ./autogen/sl_event_handler.o
                0x08004a56                sl_platform_process_action
 .text.sl_service_process_action
                0x08004a58        0x2 ./autogen/sl_event_handler.o
                0x08004a58                sl_service_process_action
 .text.sl_stack_process_action
                0x08004a5a        0x2 ./autogen/sl_event_handler.o
                0x08004a5a                sl_stack_process_action
 .text.sl_internal_app_process_action
                0x08004a5c        0x2 ./autogen/sl_event_handler.o
                0x08004a5c                sl_internal_app_process_action
 .text.sl_iostream_eusart_init_instances
                0x08004a5e        0x4 ./autogen/sl_iostream_init_eusart_instances.o
                0x08004a5e                sl_iostream_eusart_init_instances
 .text.EUSART0_TX_IRQHandler
                0x08004a62        0x4 ./autogen/sl_iostream_init_eusart_instances.o
                0x08004a62                EUSART0_TX_IRQHandler
 .text._app_log_time
                0x08004a66        0x2 ./gecko_sdk_4.2.0/app/common/util/app_log/app_log.o
                0x08004a66                _app_log_time
 .text._app_log_counter
                0x08004a68        0x2 ./gecko_sdk_4.2.0/app/common/util/app_log/app_log.o
                0x08004a68                _app_log_counter
 .text.Default_Handler
                0x08004a6a        0x2 ./gecko_sdk_4.2.0/platform/Device/SiliconLabs/EFR32MG24/Source/startup_efr32mg24.o
                0x08004a6a                ULFRCO_IRQHandler
                0x08004a6a                AHB2AHB1_IRQHandler
                0x08004a6a                SW2_IRQHandler
                0x08004a6a                TIMER2_IRQHandler
                0x08004a6a                DebugMon_Handler
                0x08004a6a                USART0_TX_IRQHandler
                0x08004a6a                IADC_IRQHandler
                0x08004a6a                I2C0_IRQHandler
                0x08004a6a                LFXO_IRQHandler
                0x08004a6a                HardFault_Handler
                0x08004a6a                SMU_SECURE_IRQHandler
                0x08004a6a                SysTick_Handler
                0x08004a6a                SYSRTC_SEQ_IRQHandler
                0x08004a6a                EMUEFP_IRQHandler
                0x08004a6a                PendSV_Handler
                0x08004a6a                NMI_Handler
                0x08004a6a                SYNTH_IRQHandler
                0x08004a6a                HOSTMAILBOX_IRQHandler
                0x08004a6a                HFXO0_IRQHandler
                0x08004a6a                I2C1_IRQHandler
                0x08004a6a                WDOG0_IRQHandler
                0x08004a6a                TIMER3_IRQHandler
                0x08004a6a                SYSCFG_IRQHandler
                0x08004a6a                RFECA1_IRQHandler
                0x08004a6a                EMUDG_IRQHandler
                0x08004a6a                MSC_IRQHandler
                0x08004a6a                DPLL0_IRQHandler
                0x08004a6a                UsageFault_Handler
                0x08004a6a                WDOG1_IRQHandler
                0x08004a6a                M33CTI1_IRQHandler
                0x08004a6a                TIMER4_IRQHandler
                0x08004a6a                GPIO_EVEN_IRQHandler
                0x08004a6a                VDAC0_IRQHandler
                0x08004a6a                SEMBTX_IRQHandler
                0x08004a6a                SW0_IRQHandler
                0x08004a6a                TIMER0_IRQHandler
                0x08004a6a                MVP_IRQHandler
                0x08004a6a                LETIMER0_IRQHandler
                0x08004a6a                EUSART1_RX_IRQHandler
                0x08004a6a                TIMER1_IRQHandler
                0x08004a6a                HFRCO0_IRQHandler
                0x08004a6a                SecureFault_Handler
                0x08004a6a                BUFC_IRQHandler
                0x08004a6a                DCDC_IRQHandler
                0x08004a6a                MODEM_IRQHandler
                0x08004a6a                Default_Handler
                0x08004a6a                RAC_SEQ_IRQHandler
                0x08004a6a                FRC_PRI_IRQHandler
                0x08004a6a                EMU_IRQHandler
                0x08004a6a                SW3_IRQHandler
                0x08004a6a                KERNEL0_IRQHandler
                0x08004a6a                FRC_IRQHandler
                0x08004a6a                PCNT0_IRQHandler
                0x08004a6a                KERNEL1_IRQHandler
                0x08004a6a                AGC_IRQHandler
                0x08004a6a                EUSART1_TX_IRQHandler
                0x08004a6a                KEYSCAN_IRQHandler
                0x08004a6a                sl_app_properties
                0x08004a6a                HFRCOEM23_IRQHandler
                0x08004a6a                BURTC_IRQHandler
                0x08004a6a                SEMBRX_IRQHandler
                0x08004a6a                RFECA0_IRQHandler
                0x08004a6a                LFRCO_IRQHandler
                0x08004a6a                VDAC1_IRQHandler
                0x08004a6a                ACMP0_IRQHandler
                0x08004a6a                USART0_RX_IRQHandler
                0x08004a6a                MemManage_Handler
                0x08004a6a                AHB2AHB0_IRQHandler
                0x08004a6a                SVC_Handler
                0x08004a6a                SMU_S_PRIVILEGED_IRQHandler
                0x08004a6a                SW1_IRQHandler
                0x08004a6a                CMU_IRQHandler
                0x08004a6a                RAC_RSM_IRQHandler
                0x08004a6a                SETAMPERHOST_IRQHandler
                0x08004a6a                GPIO_ODD_IRQHandler
                0x08004a6a                AES_IRQHandler
                0x08004a6a                M33CTI0_IRQHandler
                0x08004a6a                ICACHE0_IRQHandler
                0x08004a6a                SMU_NS_PRIVILEGED_IRQHandler
                0x08004a6a                FPUEXH_IRQHandler
                0x08004a6a                PROTIMER_IRQHandler
                0x08004a6a                ACMP1_IRQHandler
                0x08004a6a                BusFault_Handler
                0x08004a6a                MPAHBRAM_IRQHandler
 .text.SystemCLKIN0Get
                0x08004a6c        0x4 ./gecko_sdk_4.2.0/platform/Device/SiliconLabs/EFR32MG24/Source/system_efr32mg24.o
                0x08004a6c                SystemCLKIN0Get
 .text.SystemLFRCOClockGet
                0x08004a70        0x6 ./gecko_sdk_4.2.0/platform/Device/SiliconLabs/EFR32MG24/Source/system_efr32mg24.o
                0x08004a70                SystemLFRCOClockGet
 .text.SystemULFRCOClockGet
                0x08004a76        0x6 ./gecko_sdk_4.2.0/platform/Device/SiliconLabs/EFR32MG24/Source/system_efr32mg24.o
                0x08004a76                SystemULFRCOClockGet
 .text.assertEFM
                0x08004a7c        0x2 ./gecko_sdk_4.2.0/platform/common/src/sl_assert.o
                0x08004a7c                assertEFM
 .text.sl_memrchr
                0x08004a7e       0x8c ./gecko_sdk_4.2.0/platform/common/src/sl_string.o
                0x08004a7e                sl_memrchr
 .text.DMADRV_PeripheralMemory
                0x08004b0a       0x34 ./gecko_sdk_4.2.0/platform/emdrv/dmadrv/src/dmadrv.o
                0x08004b0a                DMADRV_PeripheralMemory
 .text.waitStateMax
                0x08004b3e       0x10 ./gecko_sdk_4.2.0/platform/emlib/src/em_cmu.o
 .text.CMU_UpdateWaitStates
                0x08004b4e        0xc ./gecko_sdk_4.2.0/platform/emlib/src/em_cmu.o
                0x08004b4e                CMU_UpdateWaitStates
 .text.pclkDivMax
                0x08004b5a        0xa ./gecko_sdk_4.2.0/platform/emlib/src/em_cmu.o
 .text.sli_em_cmu_SYSCLKInitPostClockSelect
                0x08004b64       0x2a ./gecko_sdk_4.2.0/platform/emlib/src/em_cmu.o
                0x08004b64                sli_em_cmu_SYSCLKInitPostClockSelect
 .text.CORE_EnterCritical
                0x08004b8e        0x8 ./gecko_sdk_4.2.0/platform/emlib/src/em_core.o
                0x08004b8e                CORE_EnterCritical
 .text.CORE_ExitCritical
                0x08004b96        0x6 ./gecko_sdk_4.2.0/platform/emlib/src/em_core.o
                0x08004b96                CORE_ExitCritical
 .text.CORE_EnterAtomic
                0x08004b9c        0xc ./gecko_sdk_4.2.0/platform/emlib/src/em_core.o
                0x08004b9c                CORE_EnterAtomic
 .text.CORE_ExitAtomic
                0x08004ba8        0x6 ./gecko_sdk_4.2.0/platform/emlib/src/em_core.o
                0x08004ba8                CORE_ExitAtomic
 .text.EMU_EFPEM01VScale
                0x08004bae        0x2 ./gecko_sdk_4.2.0/platform/emlib/src/em_emu.o
                0x08004bae                EMU_EFPEM01VScale
 .text.EMU_DCDCUpdatedHook
                0x08004bb0        0x2 ./gecko_sdk_4.2.0/platform/emlib/src/em_emu.o
                0x08004bb0                EMU_DCDCUpdatedHook
 .text.eusart_sync
                0x08004bb2        0x8 ./gecko_sdk_4.2.0/platform/emlib/src/em_eusart.o
 .text.EUSART_Disable
                0x08004bba       0x34 ./gecko_sdk_4.2.0/platform/emlib/src/em_eusart.o
 .text.EUSART_Tx
                0x08004bee        0xa ./gecko_sdk_4.2.0/platform/emlib/src/em_eusart.o
                0x08004bee                EUSART_Tx
 .text.BUS_RegMaskedWrite
                0x08004bf8       0x22 ./gecko_sdk_4.2.0/platform/emlib/src/em_gpio.o
 .text.TIMER_SyncWait
                0x08004c1a        0xe ./gecko_sdk_4.2.0/platform/emlib/src/em_timer.o
                0x08004c1a                TIMER_SyncWait
 .text.sl_iostream_write
                0x08004c28       0x28 ./gecko_sdk_4.2.0/platform/service/iostream/src/sl_iostream.o
                0x08004c28                sl_iostream_write
 .text.sl_iostream_read
                0x08004c50       0x32 ./gecko_sdk_4.2.0/platform/service/iostream/src/sl_iostream.o
                0x08004c50                sl_iostream_read
 .text.sl_iostream_vprintf
                0x08004c82       0x42 ./gecko_sdk_4.2.0/platform/service/iostream/src/sl_iostream.o
                0x08004c82                sl_iostream_vprintf
 .text.sl_iostream_printf
                0x08004cc4       0x1a ./gecko_sdk_4.2.0/platform/service/iostream/src/sl_iostream.o
                0x08004cc4                sl_iostream_printf
 .text.eusart_deinit
                0x08004cde       0x68 ./gecko_sdk_4.2.0/platform/service/iostream/src/sl_iostream_eusart.o
 .text.eusart_tx
                0x08004d46        0xc ./gecko_sdk_4.2.0/platform/service/iostream/src/sl_iostream_eusart.o
 .text.sl_iostream_eusart_irq_handler
                0x08004d52       0x4e ./gecko_sdk_4.2.0/platform/service/iostream/src/sl_iostream_eusart.o
                0x08004d52                sl_iostream_eusart_irq_handler
 .text._close   0x08004da0        0x4 ./gecko_sdk_4.2.0/platform/service/iostream/src/sl_iostream_retarget_stdio.o
                0x08004da0                _close
 .text._exit    0x08004da4        0x2 ./gecko_sdk_4.2.0/platform/service/iostream/src/sl_iostream_retarget_stdio.o
                0x08004da4                _exit
 .text._fstat   0x08004da6        0xa ./gecko_sdk_4.2.0/platform/service/iostream/src/sl_iostream_retarget_stdio.o
                0x08004da6                _fstat
 .text._isatty  0x08004db0        0x4 ./gecko_sdk_4.2.0/platform/service/iostream/src/sl_iostream_retarget_stdio.o
                0x08004db0                _isatty
 .text._lseek   0x08004db4        0x4 ./gecko_sdk_4.2.0/platform/service/iostream/src/sl_iostream_retarget_stdio.o
                0x08004db4                _lseek
 .text._read    0x08004db8       0x1c ./gecko_sdk_4.2.0/platform/service/iostream/src/sl_iostream_retarget_stdio.o
                0x08004db8                _read
 .text.set_auto_cr_lf
                0x08004dd4        0x6 ./gecko_sdk_4.2.0/platform/service/iostream/src/sl_iostream_uart.o
 .text.get_auto_cr_lf
                0x08004dda        0x6 ./gecko_sdk_4.2.0/platform/service/iostream/src/sl_iostream_uart.o
 .text.uart_write
                0x08004de0        0xc ./gecko_sdk_4.2.0/platform/service/iostream/src/sl_iostream_uart.o
 .text.sleeptimer_hal_get_compare
                0x08004dec        0x8 ./gecko_sdk_4.2.0/platform/service/sleeptimer/src/sl_sleeptimer_hal_sysrtc.o
                0x08004dec                sleeptimer_hal_get_compare
 .text.sleeptimer_hal_enable_int
                0x08004df4       0x12 ./gecko_sdk_4.2.0/platform/service/sleeptimer/src/sl_sleeptimer_hal_sysrtc.o
                0x08004df4                sleeptimer_hal_enable_int
 .text.SYSRTC_APP_IRQHandler
                0x08004e06       0x34 ./gecko_sdk_4.2.0/platform/service/sleeptimer/src/sl_sleeptimer_hal_sysrtc.o
                0x08004e06                SYSRTC_APP_IRQHandler
 .text.sleeptimer_hal_get_timer_frequency
                0x08004e3a        0x6 ./gecko_sdk_4.2.0/platform/service/sleeptimer/src/sl_sleeptimer_hal_sysrtc.o
                0x08004e3a                sleeptimer_hal_get_timer_frequency
 .text.sl_system_init
                0x08004e40       0x1a ./gecko_sdk_4.2.0/platform/service/system/src/sl_system_init.o
                0x08004e40                sl_system_init
 .text.sl_system_process_action
                0x08004e5a       0x16 ./gecko_sdk_4.2.0/platform/service/system/src/sl_system_process_action.o
                0x08004e5a                sl_system_process_action
 .text.memcpy   0x08004e70       0x1a c:/siliconlabs/simplicitystudio/v5/developer/toolchains/gnu_arm/10.3_2021.10/bin/../lib/gcc/arm-none-eabi/10.3.1/../../../../arm-none-eabi/lib/thumb/v8-m.main+fp/hard\libc_nano.a(lib_a-memcpy-stub.o)
                0x08004e70                memcpy
 .text.memset   0x08004e8a       0x10 c:/siliconlabs/simplicitystudio/v5/developer/toolchains/gnu_arm/10.3_2021.10/bin/../lib/gcc/arm-none-eabi/10.3.1/../../../../arm-none-eabi/lib/thumb/v8-m.main+fp/hard\libc_nano.a(lib_a-memset.o)
                0x08004e8a                memset
 .text.__sfmoreglue
                0x08004e9a       0x2c c:/siliconlabs/simplicitystudio/v5/developer/toolchains/gnu_arm/10.3_2021.10/bin/../lib/gcc/arm-none-eabi/10.3.1/../../../../arm-none-eabi/lib/thumb/v8-m.main+fp/hard\libc_nano.a(lib_a-findfp.o)
                0x08004e9a                __sfmoreglue
 .text._fwalk_reent
                0x08004ec6       0x3e c:/siliconlabs/simplicitystudio/v5/developer/toolchains/gnu_arm/10.3_2021.10/bin/../lib/gcc/arm-none-eabi/10.3.1/../../../../arm-none-eabi/lib/thumb/v8-m.main+fp/hard\libc_nano.a(lib_a-fwalk.o)
                0x08004ec6                _fwalk_reent
 .text.__retarget_lock_init_recursive
                0x08004f04        0x2 c:/siliconlabs/simplicitystudio/v5/developer/toolchains/gnu_arm/10.3_2021.10/bin/../lib/gcc/arm-none-eabi/10.3.1/../../../../arm-none-eabi/lib/thumb/v8-m.main+fp/hard\libc_nano.a(lib_a-lock.o)
                0x08004f04                __retarget_lock_init_recursive
 .text.__retarget_lock_acquire_recursive
                0x08004f06        0x2 c:/siliconlabs/simplicitystudio/v5/developer/toolchains/gnu_arm/10.3_2021.10/bin/../lib/gcc/arm-none-eabi/10.3.1/../../../../arm-none-eabi/lib/thumb/v8-m.main+fp/hard\libc_nano.a(lib_a-lock.o)
                0x08004f06                __retarget_lock_acquire_recursive
 .text.__retarget_lock_release_recursive
                0x08004f08        0x2 c:/siliconlabs/simplicitystudio/v5/developer/toolchains/gnu_arm/10.3_2021.10/bin/../lib/gcc/arm-none-eabi/10.3.1/../../../../arm-none-eabi/lib/thumb/v8-m.main+fp/hard\libc_nano.a(lib_a-lock.o)
                0x08004f08                __retarget_lock_release_recursive
 .text.__swhatbuf_r
                0x08004f0a       0x4a c:/siliconlabs/simplicitystudio/v5/developer/toolchains/gnu_arm/10.3_2021.10/bin/../lib/gcc/arm-none-eabi/10.3.1/../../../../arm-none-eabi/lib/thumb/v8-m.main+fp/hard\libc_nano.a(lib_a-makebuf.o)
                0x08004f0a                __swhatbuf_r
 .text.__sfputc_r
                0x08004f54       0x2e c:/siliconlabs/simplicitystudio/v5/developer/toolchains/gnu_arm/10.3_2021.10/bin/../lib/gcc/arm-none-eabi/10.3.1/../../../../arm-none-eabi/lib/thumb/v8-m.main+fp/hard\libc_nano.a(lib_a-nano-vfprintf.o)
 .text.__sfputs_r
                0x08004f82       0x24 c:/siliconlabs/simplicitystudio/v5/developer/toolchains/gnu_arm/10.3_2021.10/bin/../lib/gcc/arm-none-eabi/10.3.1/../../../../arm-none-eabi/lib/thumb/v8-m.main+fp/hard\libc_nano.a(lib_a-nano-vfprintf.o)
                0x08004f82                __sfputs_r
 .text._printf_common
                0x08004fa6       0xe0 c:/siliconlabs/simplicitystudio/v5/developer/toolchains/gnu_arm/10.3_2021.10/bin/../lib/gcc/arm-none-eabi/10.3.1/../../../../arm-none-eabi/lib/thumb/v8-m.main+fp/hard\libc_nano.a(lib_a-nano-vfprintf_i.o)
                0x08004fa6                _printf_common
 .text.__sread  0x08005086       0x22 c:/siliconlabs/simplicitystudio/v5/developer/toolchains/gnu_arm/10.3_2021.10/bin/../lib/gcc/arm-none-eabi/10.3.1/../../../../arm-none-eabi/lib/thumb/v8-m.main+fp/hard\libc_nano.a(lib_a-stdio.o)
                0x08005086                __sread
 .text.__swrite
                0x080050a8       0x38 c:/siliconlabs/simplicitystudio/v5/developer/toolchains/gnu_arm/10.3_2021.10/bin/../lib/gcc/arm-none-eabi/10.3.1/../../../../arm-none-eabi/lib/thumb/v8-m.main+fp/hard\libc_nano.a(lib_a-stdio.o)
                0x080050a8                __swrite
 .text.__sseek  0x080050e0       0x24 c:/siliconlabs/simplicitystudio/v5/developer/toolchains/gnu_arm/10.3_2021.10/bin/../lib/gcc/arm-none-eabi/10.3.1/../../../../arm-none-eabi/lib/thumb/v8-m.main+fp/hard\libc_nano.a(lib_a-stdio.o)
                0x080050e0                __sseek
 .text.__sclose
                0x08005104        0x8 c:/siliconlabs/simplicitystudio/v5/developer/toolchains/gnu_arm/10.3_2021.10/bin/../lib/gcc/arm-none-eabi/10.3.1/../../../../arm-none-eabi/lib/thumb/v8-m.main+fp/hard\libc_nano.a(lib_a-stdio.o)
                0x08005104                __sclose
 .text.memchr   0x0800510c       0x1c c:/siliconlabs/simplicitystudio/v5/developer/toolchains/gnu_arm/10.3_2021.10/bin/../lib/gcc/arm-none-eabi/10.3.1/../../../../arm-none-eabi/lib/thumb/v8-m.main+fp/hard\libc_nano.a(lib_a-memchr-stub.o)
                0x0800510c                memchr
                0x08005128                linker_code_end = .
 *(.init)
 .init          0x08005128        0x4 c:/siliconlabs/simplicitystudio/v5/developer/toolchains/gnu_arm/10.3_2021.10/bin/../lib/gcc/arm-none-eabi/10.3.1/thumb/v8-m.main+fp/hard/crti.o
                0x08005128                _init
 .init          0x0800512c        0x8 c:/siliconlabs/simplicitystudio/v5/developer/toolchains/gnu_arm/10.3_2021.10/bin/../lib/gcc/arm-none-eabi/10.3.1/thumb/v8-m.main+fp/hard/crtn.o
 *(.fini)
 .fini          0x08005134        0x4 c:/siliconlabs/simplicitystudio/v5/developer/toolchains/gnu_arm/10.3_2021.10/bin/../lib/gcc/arm-none-eabi/10.3.1/thumb/v8-m.main+fp/hard/crti.o
                0x08005134                _fini
 .fini          0x08005138        0x8 c:/siliconlabs/simplicitystudio/v5/developer/toolchains/gnu_arm/10.3_2021.10/bin/../lib/gcc/arm-none-eabi/10.3.1/thumb/v8-m.main+fp/hard/crtn.o
 *crtbegin.o(.ctors)
 *crtbegin?.o(.ctors)
 *(EXCLUDE_FILE(*crtend.o *crtend?.o) .ctors)
 *(SORT_BY_NAME(.ctors.*))
 *(.ctors)
 *crtbegin.o(.dtors)
 *crtbegin?.o(.dtors)
 *(EXCLUDE_FILE(*crtend.o *crtend?.o) .dtors)
 *(SORT_BY_NAME(.dtors.*))
 *(.dtors)
 *(.rodata*)
 .rodata.ir_init.str1.1
                0x08005140       0x2b ./ir.o
 .rodata.sl_iostream_eusart_init_vcom.str1.1
                0x0800516b       0x2f ./autogen/sl_iostream_init_eusart_instances.o
 *fill*         0x0800519a        0x2 
 .rodata        0x0800519c       0x2c ./autogen/sl_iostream_init_eusart_instances.o
 .rodata.get_timer_clock.str1.1
                0x080051c8       0xa0 ./gecko_sdk_4.2.0/platform/driver/pwm/src/sl_pwm.o
 .rodata.TIMER_MaxCount.str1.1
                0x08005268       0x9d ./gecko_sdk_4.2.0/platform/driver/pwm/src/sl_pwm.o
 .rodata        0x08005305        0x4 ./gecko_sdk_4.2.0/platform/emdrv/dmadrv/src/dmadrv.o
 .rodata.HFRCODPLLDevinfoGet.str1.1
                0x08005309       0x9b ./gecko_sdk_4.2.0/platform/emlib/src/em_cmu.o
 .rodata.EMU_VScaleEM01.str1.1
                0x080053a4       0x9b ./gecko_sdk_4.2.0/platform/emlib/src/em_emu.o
 .rodata.EUSART_Enable.str1.1
                0x0800543f       0x9e ./gecko_sdk_4.2.0/platform/emlib/src/em_eusart.o
 .rodata.GPIO_PinOutSet.str1.1
                0x080054dd       0x9c ./gecko_sdk_4.2.0/platform/emlib/src/em_gpio.o
 .rodata.GPIO_ExtIntConfig.str1.1
                0x08005579       0x9c ./gecko_sdk_4.2.0/platform/emlib/src/em_gpio.o
 .rodata.LDMA_EnableChannelRequest.str1.1
                0x08005615      0x137 ./gecko_sdk_4.2.0/platform/emlib/src/em_ldma.o
 .rodata.timerPrsConfig.str1.1
                0x0800574c       0x9d ./gecko_sdk_4.2.0/platform/emlib/src/em_timer.o
 .rodata.sl_sysrtc_init_group.str1.1
                0x080057e9       0xab ./gecko_sdk_4.2.0/platform/peripheral/src/peripheral_sysrtc.o
 .rodata        0x08005894        0x7 ./gecko_sdk_4.2.0/platform/service/device_init/src/sl_device_init_dcdc_s2.o
 .rodata._write.str1.1
                0x0800589b       0xba ./gecko_sdk_4.2.0/platform/service/iostream/src/sl_iostream_retarget_stdio.o
 .rodata.uart_deinit.str1.1
                0x08005955       0xb0 ./gecko_sdk_4.2.0/platform/service/iostream/src/sl_iostream_uart.o
 .rodata.process_timer_irq.str1.1
                0x08005a05       0xaf ./gecko_sdk_4.2.0/platform/service/sleeptimer/src/sl_sleeptimer.o
 .rodata._global_impure_ptr
                0x08005ab4        0x4 c:/siliconlabs/simplicitystudio/v5/developer/toolchains/gnu_arm/10.3_2021.10/bin/../lib/gcc/arm-none-eabi/10.3.1/../../../../arm-none-eabi/lib/thumb/v8-m.main+fp/hard\libc_nano.a(lib_a-impure.o)
                0x08005ab4                _global_impure_ptr
 .rodata.__sf_fake_stderr
                0x08005ab8       0x20 c:/siliconlabs/simplicitystudio/v5/developer/toolchains/gnu_arm/10.3_2021.10/bin/../lib/gcc/arm-none-eabi/10.3.1/../../../../arm-none-eabi/lib/thumb/v8-m.main+fp/hard\libc_nano.a(lib_a-findfp.o)
                0x08005ab8                __sf_fake_stderr
 .rodata.__sf_fake_stdin
                0x08005ad8       0x20 c:/siliconlabs/simplicitystudio/v5/developer/toolchains/gnu_arm/10.3_2021.10/bin/../lib/gcc/arm-none-eabi/10.3.1/../../../../arm-none-eabi/lib/thumb/v8-m.main+fp/hard\libc_nano.a(lib_a-findfp.o)
                0x08005ad8                __sf_fake_stdin
 .rodata.__sf_fake_stdout
                0x08005af8       0x20 c:/siliconlabs/simplicitystudio/v5/developer/toolchains/gnu_arm/10.3_2021.10/bin/../lib/gcc/arm-none-eabi/10.3.1/../../../../arm-none-eabi/lib/thumb/v8-m.main+fp/hard\libc_nano.a(lib_a-findfp.o)
                0x08005af8                __sf_fake_stdout
 .rodata._vfprintf_r.str1.1
                0x08005b18       0x11 c:/siliconlabs/simplicitystudio/v5/developer/toolchains/gnu_arm/10.3_2021.10/bin/../lib/gcc/arm-none-eabi/10.3.1/../../../../arm-none-eabi/lib/thumb/v8-m.main+fp/hard\libc_nano.a(lib_a-nano-vfprintf.o)
 .rodata._printf_i.str1.1
                0x08005b29       0x22 c:/siliconlabs/simplicitystudio/v5/developer/toolchains/gnu_arm/10.3_2021.10/bin/../lib/gcc/arm-none-eabi/10.3.1/../../../../arm-none-eabi/lib/thumb/v8-m.main+fp/hard\libc_nano.a(lib_a-nano-vfprintf_i.o)
 *(.eh_frame*)
 *fill*         0x08005b4b        0x1 
 .eh_frame      0x08005b4c        0x0 c:/siliconlabs/simplicitystudio/v5/developer/toolchains/gnu_arm/10.3_2021.10/bin/../lib/gcc/arm-none-eabi/10.3.1/thumb/v8-m.main+fp/hard/crtbegin.o

.glue_7         0x08005b4c        0x0
 .glue_7        0x08005b4c        0x0 linker stubs

.glue_7t        0x08005b4c        0x0
 .glue_7t       0x08005b4c        0x0 linker stubs

.vfp11_veneer   0x08005b4c        0x0
 .vfp11_veneer  0x08005b4c        0x0 linker stubs

.v4_bx          0x08005b4c        0x0
 .v4_bx         0x08005b4c        0x0 linker stubs

.iplt           0x08005b4c        0x0
 .iplt          0x08005b4c        0x0 c:/siliconlabs/simplicitystudio/v5/developer/toolchains/gnu_arm/10.3_2021.10/bin/../lib/gcc/arm-none-eabi/10.3.1/thumb/v8-m.main+fp/hard/crtbegin.o

.ARM.extab
 *(.ARM.extab* .gnu.linkonce.armextab.*)
                0x08005b4c                __exidx_start = .

.ARM.exidx      0x08005b4c        0x8
 *(.ARM.exidx* .gnu.linkonce.armexidx.*)
 .ARM.exidx     0x08005b4c        0x8 c:/siliconlabs/simplicitystudio/v5/developer/toolchains/gnu_arm/10.3_2021.10/bin/../lib/gcc/arm-none-eabi/10.3.1/../../../../arm-none-eabi/lib/thumb/v8-m.main+fp/hard/crt0.o
                                 0x10 (size before relaxing)
 .ARM.exidx     0x08005b54        0x0 c:/siliconlabs/simplicitystudio/v5/developer/toolchains/gnu_arm/10.3_2021.10/bin/../lib/gcc/arm-none-eabi/10.3.1/thumb/v8-m.main+fp/hard\libgcc.a(_udivmoddi4.o)
                                  0x8 (size before relaxing)
                0x08005b54                __exidx_end = .

.rel.dyn        0x08005b54        0x0
 .rel.iplt      0x08005b54        0x0 c:/siliconlabs/simplicitystudio/v5/developer/toolchains/gnu_arm/10.3_2021.10/bin/../lib/gcc/arm-none-eabi/10.3.1/thumb/v8-m.main+fp/hard/crtbegin.o

.copy.table     0x08005b54        0xc
                0x08005b54                . = ALIGN (0x4)
                0x08005b54                __copy_table_start__ = .
                0x08005b54        0x4 LONG 0x8005b60 __etext
                0x08005b58        0x4 LONG 0x20001000 __data_start__
                0x08005b5c        0x4 LONG 0x25 ((__data_end__ - __data_start__) / 0x4)
                0x08005b60                __copy_table_end__ = .

.zero.table     0x08005b60        0x0
                0x08005b60                . = ALIGN (0x4)
                0x08005b60                __zero_table_start__ = .
                0x08005b60                __zero_table_end__ = .
                0x08005b60                __etext = .
                0x20000000                . = ORIGIN (RAM)

.stack          0x20000000     0x1000
                0x20000000                __StackLimit = .
 *(.stack*)
 .stack         0x20000000     0x1000 ./gecko_sdk_4.2.0/platform/common/toolchain/src/sl_memory.o
                0x20001000                . = ALIGN (0x4)
                0x20001000                __StackTop = .
                0x20001000                PROVIDE (__stack = __StackTop)

.noinit
 *(.noinit*)

.data           0x20001000       0x94 load address 0x08005b60
                0x20001000                . = ALIGN (0x4)
                0x20001000                __data_start__ = .
 *(vtable)
 *(SORT_BY_ALIGNMENT(.data*))
 .data.sl_pwm_carrier
                0x20001000        0x8 ./autogen/sl_pwm_init.o
                0x20001000                sl_pwm_carrier
 .data.sl_pwm_envelope
                0x20001008        0x8 ./autogen/sl_pwm_init.o
                0x20001008                sl_pwm_envelope
 .data.SystemCoreClock
                0x20001010        0x4 ./gecko_sdk_4.2.0/platform/Device/SiliconLabs/EFR32MG24/Source/system_efr32mg24.o
                0x20001010                SystemCoreClock
 .data.SystemHFRCODPLLClock
                0x20001014        0x4 ./gecko_sdk_4.2.0/platform/Device/SiliconLabs/EFR32MG24/Source/system_efr32mg24.o
 .data.SystemHFXOClock
                0x20001018        0x4 ./gecko_sdk_4.2.0/platform/Device/SiliconLabs/EFR32MG24/Source/system_efr32mg24.o
 .data.SystemLFXOClock
                0x2000101c        0x4 ./gecko_sdk_4.2.0/platform/Device/SiliconLabs/EFR32MG24/Source/system_efr32mg24.o
 .data.heap_end.0
                0x20001020        0x4 ./gecko_sdk_4.2.0/platform/common/toolchain/src/sl_memory.o
 .data._impure_ptr
                0x20001024        0x4 c:/siliconlabs/simplicitystudio/v5/developer/toolchains/gnu_arm/10.3_2021.10/bin/../lib/gcc/arm-none-eabi/10.3.1/../../../../arm-none-eabi/lib/thumb/v8-m.main+fp/hard\libc_nano.a(lib_a-impure.o)
                0x20001024                _impure_ptr
 .data.impure_data
                0x20001028       0x60 c:/siliconlabs/simplicitystudio/v5/developer/toolchains/gnu_arm/10.3_2021.10/bin/../lib/gcc/arm-none-eabi/10.3.1/../../../../arm-none-eabi/lib/thumb/v8-m.main+fp/hard\libc_nano.a(lib_a-impure.o)
 .data.level_filter_enabled
                0x20001088        0x1 ./gecko_sdk_4.2.0/app/common/util/app_log/app_log.o
 .data.level_filter_threshold
                0x20001089        0x1 ./gecko_sdk_4.2.0/app/common/util/app_log/app_log.o
 .data.level_mask
                0x2000108a        0x1 ./gecko_sdk_4.2.0/app/common/util/app_log/app_log.o
 .data.cc_disabled
                0x2000108b        0x1 ./gecko_sdk_4.2.0/platform/service/sleeptimer/src/sl_sleeptimer_hal_sysrtc.o
                0x2000108c                . = ALIGN (0x4)
                [!provide]                PROVIDE (__ram_func_section_start = .)
 *(.ram)
                [!provide]                PROVIDE (__ram_func_section_end = .)
                0x2000108c                . = ALIGN (0x4)
                0x2000108c                PROVIDE (__preinit_array_start = .)
 *(.preinit_array)
                0x2000108c                PROVIDE (__preinit_array_end = .)
                0x2000108c                . = ALIGN (0x4)
                0x2000108c                PROVIDE (__init_array_start = .)
 *(SORT_BY_NAME(.init_array.*))
 *(.init_array)
 .init_array    0x2000108c        0x4 c:/siliconlabs/simplicitystudio/v5/developer/toolchains/gnu_arm/10.3_2021.10/bin/../lib/gcc/arm-none-eabi/10.3.1/thumb/v8-m.main+fp/hard/crtbegin.o
                0x20001090                PROVIDE (__init_array_end = .)
                0x20001090                . = ALIGN (0x4)
                [!provide]                PROVIDE (__fini_array_start = .)
 *(SORT_BY_NAME(.fini_array.*))
 *(.fini_array)
 .fini_array    0x20001090        0x4 c:/siliconlabs/simplicitystudio/v5/developer/toolchains/gnu_arm/10.3_2021.10/bin/../lib/gcc/arm-none-eabi/10.3.1/thumb/v8-m.main+fp/hard/crtbegin.o
                [!provide]                PROVIDE (__fini_array_end = .)
                0x20001094                . = ALIGN (0x4)
                0x20001094                __data_end__ = .

.igot.plt       0x20001094        0x0 load address 0x08005bf4
 .igot.plt      0x20001094        0x0 c:/siliconlabs/simplicitystudio/v5/developer/toolchains/gnu_arm/10.3_2021.10/bin/../lib/gcc/arm-none-eabi/10.3.1/thumb/v8-m.main+fp/hard/crtbegin.o

.bss            0x20001094      0x278 load address 0x08005bf4
                0x20001094                . = ALIGN (0x4)
                0x20001094                __bss_start__ = .
 *(SORT_BY_ALIGNMENT(.bss*))
 .bss           0x20001094       0x1c c:/siliconlabs/simplicitystudio/v5/developer/toolchains/gnu_arm/10.3_2021.10/bin/../lib/gcc/arm-none-eabi/10.3.1/thumb/v8-m.main+fp/hard/crtbegin.o
 .bss.context_vcom
                0x200010b0       0x70 ./autogen/sl_iostream_init_eusart_instances.o
 .bss.sl_iostream_vcom
                0x20001120       0x18 ./autogen/sl_iostream_init_eusart_instances.o
 .bss.app_log_iostream
                0x20001138        0x4 ./gecko_sdk_4.2.0/app/common/util/app_log/app_log.o
                0x20001138                app_log_iostream
 .bss.chTable   0x2000113c       0x80 ./gecko_sdk_4.2.0/platform/emdrv/dmadrv/src/dmadrv.o
 .bss.dmaXfer   0x200011bc      0x100 ./gecko_sdk_4.2.0/platform/emdrv/dmadrv/src/dmadrv.o
 .bss.sli_iostream_default
                0x200012bc        0x4 ./gecko_sdk_4.2.0/platform/service/iostream/src/sl_iostream.o
 .bss.last_delta_update_count
                0x200012c0        0x4 ./gecko_sdk_4.2.0/platform/service/sleeptimer/src/sl_sleeptimer.o
 .bss.max_millisecond_conversion
                0x200012c4        0x4 ./gecko_sdk_4.2.0/platform/service/sleeptimer/src/sl_sleeptimer.o
 .bss.timer_frequency
                0x200012c8        0x4 ./gecko_sdk_4.2.0/platform/service/sleeptimer/src/sl_sleeptimer.o
 .bss.timer_head
                0x200012cc        0x4 ./gecko_sdk_4.2.0/platform/service/sleeptimer/src/sl_sleeptimer.o
 .bss.__malloc_free_list
                0x200012d0        0x4 c:/siliconlabs/simplicitystudio/v5/developer/toolchains/gnu_arm/10.3_2021.10/bin/../lib/gcc/arm-none-eabi/10.3.1/../../../../arm-none-eabi/lib/thumb/v8-m.main+fp/hard\libc_nano.a(lib_a-nano-mallocr.o)
                0x200012d0                __malloc_free_list
 .bss.__malloc_sbrk_start
                0x200012d4        0x4 c:/siliconlabs/simplicitystudio/v5/developer/toolchains/gnu_arm/10.3_2021.10/bin/../lib/gcc/arm-none-eabi/10.3.1/../../../../arm-none-eabi/lib/thumb/v8-m.main+fp/hard\libc_nano.a(lib_a-nano-mallocr.o)
                0x200012d4                __malloc_sbrk_start
 .bss.errno     0x200012d8        0x4 c:/siliconlabs/simplicitystudio/v5/developer/toolchains/gnu_arm/10.3_2021.10/bin/../lib/gcc/arm-none-eabi/10.3.1/../../../../arm-none-eabi/lib/thumb/v8-m.main+fp/hard\libc_nano.a(lib_a-reent.o)
                0x200012d8                errno
 .bss.overflow_counter
                0x200012dc        0x2 ./gecko_sdk_4.2.0/platform/service/sleeptimer/src/sl_sleeptimer.o
 .bss.rx_buffer_vcom
                0x200012de       0x20 ./autogen/sl_iostream_init_eusart_instances.o
 .bss.level_mask_enabled
                0x200012fe        0x1 ./gecko_sdk_4.2.0/app/common/util/app_log/app_log.o
 .bss.initialized
                0x200012ff        0x1 ./gecko_sdk_4.2.0/platform/emdrv/dmadrv/src/dmadrv.o
 .bss.vScaleEM01Config
                0x20001300        0x1 ./gecko_sdk_4.2.0/platform/emlib/src/em_emu.o
 .bss.dali_rx_nb_packets
                0x20001301        0x2 ./gecko_sdk_4.2.0/platform/emlib/src/em_eusart.o
 .bss.dali_tx_nb_packets
                0x20001303        0x2 ./gecko_sdk_4.2.0/platform/emlib/src/em_eusart.o
 .bss.is_sleeptimer_initialized
                0x20001305        0x1 ./gecko_sdk_4.2.0/platform/service/sleeptimer/src/sl_sleeptimer.o
 .bss.next_timer_to_expire_is_power_manager
                0x20001306        0x1 ./gecko_sdk_4.2.0/platform/service/sleeptimer/src/sl_sleeptimer.o
 .bss.sleep_on_isr_exit
                0x20001307        0x1 ./gecko_sdk_4.2.0/platform/service/sleeptimer/src/sl_sleeptimer.o
 .bss.__lock___malloc_recursive_mutex
                0x20001308        0x1 c:/siliconlabs/simplicitystudio/v5/developer/toolchains/gnu_arm/10.3_2021.10/bin/../lib/gcc/arm-none-eabi/10.3.1/../../../../arm-none-eabi/lib/thumb/v8-m.main+fp/hard\libc_nano.a(lib_a-lock.o)
                0x20001308                __lock___malloc_recursive_mutex
 .bss.__lock___sfp_recursive_mutex
                0x20001309        0x1 c:/siliconlabs/simplicitystudio/v5/developer/toolchains/gnu_arm/10.3_2021.10/bin/../lib/gcc/arm-none-eabi/10.3.1/../../../../arm-none-eabi/lib/thumb/v8-m.main+fp/hard\libc_nano.a(lib_a-lock.o)
                0x20001309                __lock___sfp_recursive_mutex
 .bss.__lock___sinit_recursive_mutex
                0x2000130a        0x1 c:/siliconlabs/simplicitystudio/v5/developer/toolchains/gnu_arm/10.3_2021.10/bin/../lib/gcc/arm-none-eabi/10.3.1/../../../../arm-none-eabi/lib/thumb/v8-m.main+fp/hard\libc_nano.a(lib_a-lock.o)
                0x2000130a                __lock___sinit_recursive_mutex
 *(COMMON)
                0x2000130c                . = ALIGN (0x4)
 *fill*         0x2000130b        0x1 
                0x2000130c                __bss_end__ = .

.heap           0x20001310    0x3ecf0
                0x20001310                __HeapBase = .
                0x20001310                __end__ = .
                0x20001310                end = __end__
                0x20001310                _end = __end__
 *(.heap*)
 .heap          0x20001310      0x800 ./gecko_sdk_4.2.0/platform/common/toolchain/src/sl_memory.o
                0x20040000                . = (ORIGIN (RAM) + LENGTH (RAM))
 *fill*         0x20001b10    0x3e4f0 
                0x20040000                __HeapLimit = .
                0x0003ecf0                __heap_size = (__HeapLimit - __HeapBase)
                0x20040000                __ram_end__ = 0x20040000
                0x0817e000                __main_flash_end__ = 0x817e000

.internal_storage
                0x08005b60        0x0
 *(.internal_storage*)

.nvm            0x08005b60        0x0
 *(.simee*)
                0x0817e000                linker_nvm_end = __main_flash_end__
                0x0817e000                linker_nvm_begin = (linker_nvm_end - SIZEOF (.nvm))
                0x00000000                linker_nvm_size = SIZEOF (.nvm)
                0x0817e000                linker_storage_end = linker_nvm_begin
                0x0817e000                __nvm3Base = linker_nvm_begin
                0x0817e000                linker_storage_begin = (linker_storage_end - SIZEOF (.internal_storage))
                0x00000000                linker_storage_size = SIZEOF (.internal_storage)
                0x00000001                ASSERT ((linker_storage_begin >= (__etext + SIZEOF (.data))), FLASH memory overflowed !)
                0x0817e000                app_flash_end = 0x817e000
                0x00000001                ASSERT (((linker_nvm_begin + SIZEOF (.nvm)) <= app_flash_end), NVM3 is excessing the flash size !)
OUTPUT(IR_Example.axf elf32-littlearm)
LOAD linker stubs

.ARM.attributes
                0x00000000       0x36
 .ARM.attributes
                0x00000000       0x22 c:/siliconlabs/simplicitystudio/v5/developer/toolchains/gnu_arm/10.3_2021.10/bin/../lib/gcc/arm-none-eabi/10.3.1/thumb/v8-m.main+fp/hard/crti.o
 .ARM.attributes
                0x00000022       0x38 c:/siliconlabs/simplicitystudio/v5/developer/toolchains/gnu_arm/10.3_2021.10/bin/../lib/gcc/arm-none-eabi/10.3.1/thumb/v8-m.main+fp/hard/crtbegin.o
 .ARM.attributes
                0x0000005a       0x20 c:/siliconlabs/simplicitystudio/v5/developer/toolchains/gnu_arm/10.3_2021.10/bin/../lib/gcc/arm-none-eabi/10.3.1/../../../../arm-none-eabi/lib/thumb/v8-m.main+fp/hard/crt0.o
 .ARM.attributes
                0x0000007a       0x3a ./app.o
 .ARM.attributes
                0x000000b4       0x3a ./ir.o
 .ARM.attributes
                0x000000ee       0x3a ./main.o
 .ARM.attributes
                0x00000128       0x3a ./autogen/sl_device_init_clocks.o
 .ARM.attributes
                0x00000162       0x3a ./autogen/sl_event_handler.o
 .ARM.attributes
                0x0000019c       0x3a ./autogen/sl_iostream_init_eusart_instances.o
 .ARM.attributes
                0x000001d6       0x3a ./autogen/sl_pwm_init.o
 .ARM.attributes
                0x00000210       0x3a ./gecko_sdk_4.2.0/app/common/util/app_log/app_log.o
 .ARM.attributes
                0x0000024a       0x3a ./gecko_sdk_4.2.0/platform/Device/SiliconLabs/EFR32MG24/Source/startup_efr32mg24.o
 .ARM.attributes
                0x00000284       0x3a ./gecko_sdk_4.2.0/platform/Device/SiliconLabs/EFR32MG24/Source/system_efr32mg24.o
 .ARM.attributes
                0x000002be       0x3a ./gecko_sdk_4.2.0/platform/common/src/sl_assert.o
 .ARM.attributes
                0x000002f8       0x3a ./gecko_sdk_4.2.0/platform/common/src/sl_string.o
 .ARM.attributes
                0x00000332       0x3a ./gecko_sdk_4.2.0/platform/common/toolchain/src/sl_memory.o
 .ARM.attributes
                0x0000036c       0x3a ./gecko_sdk_4.2.0/platform/driver/pwm/src/sl_pwm.o
 .ARM.attributes
                0x000003a6       0x3a ./gecko_sdk_4.2.0/platform/emdrv/dmadrv/src/dmadrv.o
 .ARM.attributes
                0x000003e0       0x3a ./gecko_sdk_4.2.0/platform/emlib/src/em_cmu.o
 .ARM.attributes
                0x0000041a       0x3a ./gecko_sdk_4.2.0/platform/emlib/src/em_core.o
 .ARM.attributes
                0x00000454       0x3a ./gecko_sdk_4.2.0/platform/emlib/src/em_emu.o
 .ARM.attributes
                0x0000048e       0x3a ./gecko_sdk_4.2.0/platform/emlib/src/em_eusart.o
 .ARM.attributes
                0x000004c8       0x3a ./gecko_sdk_4.2.0/platform/emlib/src/em_gpio.o
 .ARM.attributes
                0x00000502       0x3a ./gecko_sdk_4.2.0/platform/emlib/src/em_ldma.o
 .ARM.attributes
                0x0000053c       0x3a ./gecko_sdk_4.2.0/platform/emlib/src/em_timer.o
 .ARM.attributes
                0x00000576       0x3a ./gecko_sdk_4.2.0/platform/peripheral/src/peripheral_sysrtc.o
 .ARM.attributes
                0x000005b0       0x3a ./gecko_sdk_4.2.0/platform/service/device_init/src/sl_device_init_dcdc_s2.o
 .ARM.attributes
                0x000005ea       0x3a ./gecko_sdk_4.2.0/platform/service/device_init/src/sl_device_init_emu_s2.o
 .ARM.attributes
                0x00000624       0x3a ./gecko_sdk_4.2.0/platform/service/device_init/src/sl_device_init_nvic.o
 .ARM.attributes
                0x0000065e       0x3a ./gecko_sdk_4.2.0/platform/service/iostream/src/sl_iostream.o
 .ARM.attributes
                0x00000698       0x3a ./gecko_sdk_4.2.0/platform/service/iostream/src/sl_iostream_eusart.o
 .ARM.attributes
                0x000006d2       0x3a ./gecko_sdk_4.2.0/platform/service/iostream/src/sl_iostream_retarget_stdio.o
 .ARM.attributes
                0x0000070c       0x3a ./gecko_sdk_4.2.0/platform/service/iostream/src/sl_iostream_stdlib_config.o
 .ARM.attributes
                0x00000746       0x3a ./gecko_sdk_4.2.0/platform/service/iostream/src/sl_iostream_uart.o
 .ARM.attributes
                0x00000780       0x3a ./gecko_sdk_4.2.0/platform/service/sleeptimer/src/sl_sleeptimer.o
 .ARM.attributes
                0x000007ba       0x3a ./gecko_sdk_4.2.0/platform/service/sleeptimer/src/sl_sleeptimer_hal_sysrtc.o
 .ARM.attributes
                0x000007f4       0x3a ./gecko_sdk_4.2.0/platform/service/system/src/sl_system_init.o
 .ARM.attributes
                0x0000082e       0x3a ./gecko_sdk_4.2.0/platform/service/system/src/sl_system_process_action.o
 .ARM.attributes
                0x00000868       0x22 c:/siliconlabs/simplicitystudio/v5/developer/toolchains/gnu_arm/10.3_2021.10/bin/../lib/gcc/arm-none-eabi/10.3.1/thumb/v8-m.main+fp/hard\libgcc.a(_aeabi_uldivmod.o)
 .ARM.attributes
                0x0000088a       0x38 c:/siliconlabs/simplicitystudio/v5/developer/toolchains/gnu_arm/10.3_2021.10/bin/../lib/gcc/arm-none-eabi/10.3.1/thumb/v8-m.main+fp/hard\libgcc.a(_udivmoddi4.o)
 .ARM.attributes
                0x000008c2       0x22 c:/siliconlabs/simplicitystudio/v5/developer/toolchains/gnu_arm/10.3_2021.10/bin/../lib/gcc/arm-none-eabi/10.3.1/thumb/v8-m.main+fp/hard\libgcc.a(_dvmd_tls.o)
 .ARM.attributes
                0x000008e4       0x38 c:/siliconlabs/simplicitystudio/v5/developer/toolchains/gnu_arm/10.3_2021.10/bin/../lib/gcc/arm-none-eabi/10.3.1/../../../../arm-none-eabi/lib/thumb/v8-m.main+fp/hard\libc_nano.a(lib_a-exit.o)
 .ARM.attributes
                0x0000091c       0x38 c:/siliconlabs/simplicitystudio/v5/developer/toolchains/gnu_arm/10.3_2021.10/bin/../lib/gcc/arm-none-eabi/10.3.1/../../../../arm-none-eabi/lib/thumb/v8-m.main+fp/hard\libc_nano.a(lib_a-impure.o)
 .ARM.attributes
                0x00000954       0x38 c:/siliconlabs/simplicitystudio/v5/developer/toolchains/gnu_arm/10.3_2021.10/bin/../lib/gcc/arm-none-eabi/10.3.1/../../../../arm-none-eabi/lib/thumb/v8-m.main+fp/hard\libc_nano.a(lib_a-init.o)
 .ARM.attributes
                0x0000098c       0x38 c:/siliconlabs/simplicitystudio/v5/developer/toolchains/gnu_arm/10.3_2021.10/bin/../lib/gcc/arm-none-eabi/10.3.1/../../../../arm-none-eabi/lib/thumb/v8-m.main+fp/hard\libc_nano.a(lib_a-memcpy-stub.o)
 .ARM.attributes
                0x000009c4       0x38 c:/siliconlabs/simplicitystudio/v5/developer/toolchains/gnu_arm/10.3_2021.10/bin/../lib/gcc/arm-none-eabi/10.3.1/../../../../arm-none-eabi/lib/thumb/v8-m.main+fp/hard\libc_nano.a(lib_a-memset.o)
 .ARM.attributes
                0x000009fc       0x38 c:/siliconlabs/simplicitystudio/v5/developer/toolchains/gnu_arm/10.3_2021.10/bin/../lib/gcc/arm-none-eabi/10.3.1/../../../../arm-none-eabi/lib/thumb/v8-m.main+fp/hard\libc_nano.a(lib_a-setvbuf.o)
 .ARM.attributes
                0x00000a34       0x38 c:/siliconlabs/simplicitystudio/v5/developer/toolchains/gnu_arm/10.3_2021.10/bin/../lib/gcc/arm-none-eabi/10.3.1/../../../../arm-none-eabi/lib/thumb/v8-m.main+fp/hard\libc_nano.a(lib_a-vprintf.o)
 .ARM.attributes
                0x00000a6c       0x38 c:/siliconlabs/simplicitystudio/v5/developer/toolchains/gnu_arm/10.3_2021.10/bin/../lib/gcc/arm-none-eabi/10.3.1/../../../../arm-none-eabi/lib/thumb/v8-m.main+fp/hard\libc_nano.a(lib_a-fflush.o)
 .ARM.attributes
                0x00000aa4       0x38 c:/siliconlabs/simplicitystudio/v5/developer/toolchains/gnu_arm/10.3_2021.10/bin/../lib/gcc/arm-none-eabi/10.3.1/../../../../arm-none-eabi/lib/thumb/v8-m.main+fp/hard\libc_nano.a(lib_a-findfp.o)
 .ARM.attributes
                0x00000adc       0x38 c:/siliconlabs/simplicitystudio/v5/developer/toolchains/gnu_arm/10.3_2021.10/bin/../lib/gcc/arm-none-eabi/10.3.1/../../../../arm-none-eabi/lib/thumb/v8-m.main+fp/hard\libc_nano.a(lib_a-fwalk.o)
 .ARM.attributes
                0x00000b14       0x38 c:/siliconlabs/simplicitystudio/v5/developer/toolchains/gnu_arm/10.3_2021.10/bin/../lib/gcc/arm-none-eabi/10.3.1/../../../../arm-none-eabi/lib/thumb/v8-m.main+fp/hard\libc_nano.a(lib_a-lock.o)
 .ARM.attributes
                0x00000b4c       0x38 c:/siliconlabs/simplicitystudio/v5/developer/toolchains/gnu_arm/10.3_2021.10/bin/../lib/gcc/arm-none-eabi/10.3.1/../../../../arm-none-eabi/lib/thumb/v8-m.main+fp/hard\libc_nano.a(lib_a-makebuf.o)
 .ARM.attributes
                0x00000b84       0x38 c:/siliconlabs/simplicitystudio/v5/developer/toolchains/gnu_arm/10.3_2021.10/bin/../lib/gcc/arm-none-eabi/10.3.1/../../../../arm-none-eabi/lib/thumb/v8-m.main+fp/hard\libc_nano.a(lib_a-malloc.o)
 .ARM.attributes
                0x00000bbc       0x38 c:/siliconlabs/simplicitystudio/v5/developer/toolchains/gnu_arm/10.3_2021.10/bin/../lib/gcc/arm-none-eabi/10.3.1/../../../../arm-none-eabi/lib/thumb/v8-m.main+fp/hard\libc_nano.a(lib_a-nano-freer.o)
 .ARM.attributes
                0x00000bf4       0x38 c:/siliconlabs/simplicitystudio/v5/developer/toolchains/gnu_arm/10.3_2021.10/bin/../lib/gcc/arm-none-eabi/10.3.1/../../../../arm-none-eabi/lib/thumb/v8-m.main+fp/hard\libc_nano.a(lib_a-nano-mallocr.o)
 .ARM.attributes
                0x00000c2c       0x38 c:/siliconlabs/simplicitystudio/v5/developer/toolchains/gnu_arm/10.3_2021.10/bin/../lib/gcc/arm-none-eabi/10.3.1/../../../../arm-none-eabi/lib/thumb/v8-m.main+fp/hard\libc_nano.a(lib_a-nano-vfprintf.o)
 .ARM.attributes
                0x00000c64       0x38 c:/siliconlabs/simplicitystudio/v5/developer/toolchains/gnu_arm/10.3_2021.10/bin/../lib/gcc/arm-none-eabi/10.3.1/../../../../arm-none-eabi/lib/thumb/v8-m.main+fp/hard\libc_nano.a(lib_a-nano-vfprintf_i.o)
 .ARM.attributes
                0x00000c9c       0x38 c:/siliconlabs/simplicitystudio/v5/developer/toolchains/gnu_arm/10.3_2021.10/bin/../lib/gcc/arm-none-eabi/10.3.1/../../../../arm-none-eabi/lib/thumb/v8-m.main+fp/hard\libc_nano.a(lib_a-sbrkr.o)
 .ARM.attributes
                0x00000cd4       0x38 c:/siliconlabs/simplicitystudio/v5/developer/toolchains/gnu_arm/10.3_2021.10/bin/../lib/gcc/arm-none-eabi/10.3.1/../../../../arm-none-eabi/lib/thumb/v8-m.main+fp/hard\libc_nano.a(lib_a-stdio.o)
 .ARM.attributes
                0x00000d0c       0x38 c:/siliconlabs/simplicitystudio/v5/developer/toolchains/gnu_arm/10.3_2021.10/bin/../lib/gcc/arm-none-eabi/10.3.1/../../../../arm-none-eabi/lib/thumb/v8-m.main+fp/hard\libc_nano.a(lib_a-wbuf.o)
 .ARM.attributes
                0x00000d44       0x38 c:/siliconlabs/simplicitystudio/v5/developer/toolchains/gnu_arm/10.3_2021.10/bin/../lib/gcc/arm-none-eabi/10.3.1/../../../../arm-none-eabi/lib/thumb/v8-m.main+fp/hard\libc_nano.a(lib_a-writer.o)
 .ARM.attributes
                0x00000d7c       0x38 c:/siliconlabs/simplicitystudio/v5/developer/toolchains/gnu_arm/10.3_2021.10/bin/../lib/gcc/arm-none-eabi/10.3.1/../../../../arm-none-eabi/lib/thumb/v8-m.main+fp/hard\libc_nano.a(lib_a-wsetup.o)
 .ARM.attributes
                0x00000db4       0x38 c:/siliconlabs/simplicitystudio/v5/developer/toolchains/gnu_arm/10.3_2021.10/bin/../lib/gcc/arm-none-eabi/10.3.1/../../../../arm-none-eabi/lib/thumb/v8-m.main+fp/hard\libc_nano.a(lib_a-closer.o)
 .ARM.attributes
                0x00000dec       0x38 c:/siliconlabs/simplicitystudio/v5/developer/toolchains/gnu_arm/10.3_2021.10/bin/../lib/gcc/arm-none-eabi/10.3.1/../../../../arm-none-eabi/lib/thumb/v8-m.main+fp/hard\libc_nano.a(lib_a-fstatr.o)
 .ARM.attributes
                0x00000e24       0x38 c:/siliconlabs/simplicitystudio/v5/developer/toolchains/gnu_arm/10.3_2021.10/bin/../lib/gcc/arm-none-eabi/10.3.1/../../../../arm-none-eabi/lib/thumb/v8-m.main+fp/hard\libc_nano.a(lib_a-isattyr.o)
 .ARM.attributes
                0x00000e5c       0x38 c:/siliconlabs/simplicitystudio/v5/developer/toolchains/gnu_arm/10.3_2021.10/bin/../lib/gcc/arm-none-eabi/10.3.1/../../../../arm-none-eabi/lib/thumb/v8-m.main+fp/hard\libc_nano.a(lib_a-lseekr.o)
 .ARM.attributes
                0x00000e94       0x38 c:/siliconlabs/simplicitystudio/v5/developer/toolchains/gnu_arm/10.3_2021.10/bin/../lib/gcc/arm-none-eabi/10.3.1/../../../../arm-none-eabi/lib/thumb/v8-m.main+fp/hard\libc_nano.a(lib_a-memchr-stub.o)
 .ARM.attributes
                0x00000ecc       0x38 c:/siliconlabs/simplicitystudio/v5/developer/toolchains/gnu_arm/10.3_2021.10/bin/../lib/gcc/arm-none-eabi/10.3.1/../../../../arm-none-eabi/lib/thumb/v8-m.main+fp/hard\libc_nano.a(lib_a-mlock.o)
 .ARM.attributes
                0x00000f04       0x38 c:/siliconlabs/simplicitystudio/v5/developer/toolchains/gnu_arm/10.3_2021.10/bin/../lib/gcc/arm-none-eabi/10.3.1/../../../../arm-none-eabi/lib/thumb/v8-m.main+fp/hard\libc_nano.a(lib_a-readr.o)
 .ARM.attributes
                0x00000f3c       0x38 c:/siliconlabs/simplicitystudio/v5/developer/toolchains/gnu_arm/10.3_2021.10/bin/../lib/gcc/arm-none-eabi/10.3.1/../../../../arm-none-eabi/lib/thumb/v8-m.main+fp/hard\libc_nano.a(lib_a-reent.o)
 .ARM.attributes
                0x00000f74       0x22 c:/siliconlabs/simplicitystudio/v5/developer/toolchains/gnu_arm/10.3_2021.10/bin/../lib/gcc/arm-none-eabi/10.3.1/thumb/v8-m.main+fp/hard/crtn.o

.comment        0x00000000       0x49
 .comment       0x00000000       0x49 ./app.o
                                 0x4a (size before relaxing)
 .comment       0x00000049       0x4a ./ir.o
 .comment       0x00000049       0x4a ./main.o
 .comment       0x00000049       0x4a ./autogen/sl_device_init_clocks.o
 .comment       0x00000049       0x4a ./autogen/sl_event_handler.o
 .comment       0x00000049       0x4a ./autogen/sl_iostream_init_eusart_instances.o
 .comment       0x00000049       0x4a ./autogen/sl_pwm_init.o
 .comment       0x00000049       0x4a ./gecko_sdk_4.2.0/app/common/util/app_log/app_log.o
 .comment       0x00000049       0x4a ./gecko_sdk_4.2.0/platform/Device/SiliconLabs/EFR32MG24/Source/startup_efr32mg24.o
 .comment       0x00000049       0x4a ./gecko_sdk_4.2.0/platform/Device/SiliconLabs/EFR32MG24/Source/system_efr32mg24.o
 .comment       0x00000049       0x4a ./gecko_sdk_4.2.0/platform/common/src/sl_assert.o
 .comment       0x00000049       0x4a ./gecko_sdk_4.2.0/platform/common/src/sl_string.o
 .comment       0x00000049       0x4a ./gecko_sdk_4.2.0/platform/common/toolchain/src/sl_memory.o
 .comment       0x00000049       0x4a ./gecko_sdk_4.2.0/platform/driver/pwm/src/sl_pwm.o
 .comment       0x00000049       0x4a ./gecko_sdk_4.2.0/platform/emdrv/dmadrv/src/dmadrv.o
 .comment       0x00000049       0x4a ./gecko_sdk_4.2.0/platform/emlib/src/em_cmu.o
 .comment       0x00000049       0x4a ./gecko_sdk_4.2.0/platform/emlib/src/em_core.o
 .comment       0x00000049       0x4a ./gecko_sdk_4.2.0/platform/emlib/src/em_emu.o
 .comment       0x00000049       0x4a ./gecko_sdk_4.2.0/platform/emlib/src/em_eusart.o
 .comment       0x00000049       0x4a ./gecko_sdk_4.2.0/platform/emlib/src/em_gpio.o
 .comment       0x00000049       0x4a ./gecko_sdk_4.2.0/platform/emlib/src/em_ldma.o
 .comment       0x00000049       0x4a ./gecko_sdk_4.2.0/platform/emlib/src/em_timer.o
 .comment       0x00000049       0x4a ./gecko_sdk_4.2.0/platform/peripheral/src/peripheral_sysrtc.o
 .comment       0x00000049       0x4a ./gecko_sdk_4.2.0/platform/service/device_init/src/sl_device_init_dcdc_s2.o
 .comment       0x00000049       0x4a ./gecko_sdk_4.2.0/platform/service/device_init/src/sl_device_init_emu_s2.o
 .comment       0x00000049       0x4a ./gecko_sdk_4.2.0/platform/service/device_init/src/sl_device_init_nvic.o
 .comment       0x00000049       0x4a ./gecko_sdk_4.2.0/platform/service/iostream/src/sl_iostream.o
 .comment       0x00000049       0x4a ./gecko_sdk_4.2.0/platform/service/iostream/src/sl_iostream_eusart.o
 .comment       0x00000049       0x4a ./gecko_sdk_4.2.0/platform/service/iostream/src/sl_iostream_retarget_stdio.o
 .comment       0x00000049       0x4a ./gecko_sdk_4.2.0/platform/service/iostream/src/sl_iostream_stdlib_config.o
 .comment       0x00000049       0x4a ./gecko_sdk_4.2.0/platform/service/iostream/src/sl_iostream_uart.o
 .comment       0x00000049       0x4a ./gecko_sdk_4.2.0/platform/service/sleeptimer/src/sl_sleeptimer.o
 .comment       0x00000049       0x4a ./gecko_sdk_4.2.0/platform/service/sleeptimer/src/sl_sleeptimer_hal_sysrtc.o
 .comment       0x00000049       0x4a ./gecko_sdk_4.2.0/platform/service/system/src/sl_system_init.o
 .comment       0x00000049       0x4a ./gecko_sdk_4.2.0/platform/service/system/src/sl_system_process_action.o

.debug_info     0x00000000    0x34b7d
 .debug_info    0x00000000       0xaf ./app.o
 .debug_info    0x000000af      0xae7 ./ir.o
 .debug_info    0x00000b96       0xb1 ./main.o
 .debug_info    0x00000c47     0x1426 ./autogen/sl_device_init_clocks.o
 .debug_info    0x0000206d      0x252 ./autogen/sl_event_handler.o
 .debug_info    0x000022bf     0x18e2 ./autogen/sl_iostream_init_eusart_instances.o
 .debug_info    0x00003ba1      0x966 ./autogen/sl_pwm_init.o
 .debug_info    0x00004507      0x5dc ./gecko_sdk_4.2.0/app/common/util/app_log/app_log.o
 .debug_info    0x00004ae3      0x32b ./gecko_sdk_4.2.0/platform/Device/SiliconLabs/EFR32MG24/Source/startup_efr32mg24.o
 .debug_info    0x00004e0e     0x241f ./gecko_sdk_4.2.0/platform/Device/SiliconLabs/EFR32MG24/Source/system_efr32mg24.o
 .debug_info    0x0000722d       0x8a ./gecko_sdk_4.2.0/platform/common/src/sl_assert.o
 .debug_info    0x000072b7      0x4a0 ./gecko_sdk_4.2.0/platform/common/src/sl_string.o
 .debug_info    0x00007757      0x209 ./gecko_sdk_4.2.0/platform/common/toolchain/src/sl_memory.o
 .debug_info    0x00007960     0x2bce ./gecko_sdk_4.2.0/platform/driver/pwm/src/sl_pwm.o
 .debug_info    0x0000a52e     0x1e64 ./gecko_sdk_4.2.0/platform/emdrv/dmadrv/src/dmadrv.o
 .debug_info    0x0000c392     0xa5b6 ./gecko_sdk_4.2.0/platform/emlib/src/em_cmu.o
 .debug_info    0x00016948     0x1404 ./gecko_sdk_4.2.0/platform/emlib/src/em_core.o
 .debug_info    0x00017d4c     0x3a01 ./gecko_sdk_4.2.0/platform/emlib/src/em_emu.o
 .debug_info    0x0001b74d     0x599e ./gecko_sdk_4.2.0/platform/emlib/src/em_eusart.o
 .debug_info    0x000210eb     0x275c ./gecko_sdk_4.2.0/platform/emlib/src/em_gpio.o
 .debug_info    0x00023847     0x1fa6 ./gecko_sdk_4.2.0/platform/emlib/src/em_ldma.o
 .debug_info    0x000257ed     0x2efb ./gecko_sdk_4.2.0/platform/emlib/src/em_timer.o
 .debug_info    0x000286e8      0xd1f ./gecko_sdk_4.2.0/platform/peripheral/src/peripheral_sysrtc.o
 .debug_info    0x00029407      0x34f ./gecko_sdk_4.2.0/platform/service/device_init/src/sl_device_init_dcdc_s2.o
 .debug_info    0x00029756      0xb3a ./gecko_sdk_4.2.0/platform/service/device_init/src/sl_device_init_emu_s2.o
 .debug_info    0x0002a290      0x853 ./gecko_sdk_4.2.0/platform/service/device_init/src/sl_device_init_nvic.o
 .debug_info    0x0002aae3      0x5ff ./gecko_sdk_4.2.0/platform/service/iostream/src/sl_iostream.o
 .debug_info    0x0002b0e2     0x3cf7 ./gecko_sdk_4.2.0/platform/service/iostream/src/sl_iostream_eusart.o
 .debug_info    0x0002edd9      0x5bb ./gecko_sdk_4.2.0/platform/service/iostream/src/sl_iostream_retarget_stdio.o
 .debug_info    0x0002f394      0x899 ./gecko_sdk_4.2.0/platform/service/iostream/src/sl_iostream_stdlib_config.o